desktop binary: /Users/aqiuye/Develop/workspace/wt-media/wt-media-desktop/target/debug/wt-media-desktop-shell
agent source:   /Users/aqiuye/Develop/workspace/wt-media/wt-media-agent/src
probe page:     /Users/aqiuye/Develop/workspace/wt-media/wt-media-workspace/delivery/active/CHG-20260923-056/evidence/tools/ac05_probe
cloud:          http://127.0.0.1:18080
    control: a planted token-shaped argv is caught -> True

==============================================================================
BUILD: the probe page, embedded as the app's frontend
==============================================================================
  TAURI_CONFIG={"build": {"devUrl": null, "frontendDist": "/tmp/wt-ac05/probe"}}
  cargo build -> exit=0 in 5.8s

==============================================================================
M1-file-true-env-unset  (csp_connect_src = http://127.0.0.1:19998)
==============================================================================
  config      /tmp/wt-ac05/M1-file-true-env-unset/desktop.toml
  agent port  63166 (8765 belongs to the developer's own Agent — untouched)
  data dir    /tmp/wt-ac05/M1-file-true-env-unset/agent-data
  fallback    file=True env=unset sidecar_beside_exe=False
  launched    pid=23940
  desktop stderr: [wt-media-desktop] 配置来自环境变量指定的文件
  reports: ['Boot', 'Violation', 'Violation', 'Violation', 'PublicConfig', 'Violation', 'CspFetchCloud', 'Violation', 'CspFetchLoopback', 'AgentStart', 'Done']
  Boot: {'internals': True, 'href': 'tauri://localhost', 'origin': 'tauri://localhost'}
  get_public_config -> {'cloud_base_url': 'http://127.0.0.1:18080', 'local_agent_port': 63166, 'environment': 'development'}
  ipc:// refusals  3 (Tauri's preferred transport)
    refused: ipc://localhost/get_public_config
    refused: ipc://localhost/log_js_error
    (registered finding: connect-src does not list ipc:, so Tauri falls back to postMessage for every later command)
  fetch http://127.0.0.1:18080/healthz -> rejected refusals=1
    violation: connect-src blocked http://127.0.0.1:18080/healthz
    policy: script-src 'self' 'sha256-6ggzmnxxNNVllPpbMthWZIKB9vC5bJFINCCWgP11vKk='; img-src 'self' https:; connect-src 'self' http://127.0.0.1:19998; default-src 'self'; style-src 'self' 'unsafe-inline'
  fetch http://localhost:18080/healthz -> rejected refusals=1 (control: must be rejected in every leg, whatever the config says about the real origin)
  local_agent_start -> ok=False value=None error='未找到或无法启动随应用提供的 Local Agent。请重新安装完整的 WT Media 安装包。'
  no agent was started in this leg, so there is none to inspect
  desktop stopped (exit=-15, was running=True)
  after stop: nothing listening on 63166

==============================================================================
M2-file-false-env-set  (csp_connect_src = http://127.0.0.1:18080)
==============================================================================
  config      /tmp/wt-ac05/M2-file-false-env-set/desktop.toml
  agent port  63223 (8765 belongs to the developer's own Agent — untouched)
  data dir    /tmp/wt-ac05/M2-file-false-env-set/agent-data
  fallback    file=False env=set sidecar_beside_exe=False
  launched    pid=23957
  desktop stderr: [wt-media-desktop] 配置来自环境变量指定的文件
  reports: ['Boot', 'Violation', 'Violation', 'Violation', 'PublicConfig', 'CspFetchCloud', 'Violation', 'CspFetchLoopback', 'AgentStart', 'AgentHealth', 'Done']
  Boot: {'internals': True, 'href': 'tauri://localhost', 'origin': 'tauri://localhost'}
  get_public_config -> {'cloud_base_url': 'http://127.0.0.1:18080', 'local_agent_port': 63223, 'environment': 'development'}
  ipc:// refusals  3 (Tauri's preferred transport)
    refused: ipc://localhost/get_public_config
    refused: ipc://localhost/log_js_error
    (registered finding: connect-src does not list ipc:, so Tauri falls back to postMessage for every later command)
  fetch http://127.0.0.1:18080/healthz -> resolved refusals=0
    no violation: the configured origin is allowed
  fetch http://localhost:18080/healthz -> rejected refusals=1 (control: must be rejected in every leg, whatever the config says about the real origin)
  local_agent_start -> ok=True value='started' error=None
  local_agent_health -> ok=True body='{"status":"ok","service":"wt-media-agent","mode":"m1"}' attempts=1
  listener    pid=23963 bound=127.0.0.1:63223
  child       ppid=23957 argv=python3 -m wt_media_agent.local_api.server
    argv carries no token-shaped argument
  /healthz    no token -> 401, wrong token -> 401, the Desktop's own client -> 200
  data dir    ['local-agent.sqlite3', 'logs', 'versions']
  desktop stopped (exit=-15, was running=True)
  after stop: nothing listening on 63223

==============================================================================
M3-sidecar-beside-exe  (csp_connect_src = http://127.0.0.1:18080)
==============================================================================
  config      /tmp/wt-ac05/M3-sidecar-beside-exe/desktop.toml
  agent port  63244 (8765 belongs to the developer's own Agent — untouched)
  data dir    /tmp/wt-ac05/M3-sidecar-beside-exe/agent-data
  fallback    file=False env=set sidecar_beside_exe=True
  launched    pid=23967
  desktop stderr: [wt-media-desktop] 配置来自环境变量指定的文件
  reports: ['Boot', 'Violation', 'Violation', 'Violation', 'PublicConfig', 'CspFetchCloud', 'Violation', 'CspFetchLoopback', 'AgentStart', 'AgentHealth', 'Done']
  Boot: {'internals': True, 'href': 'tauri://localhost', 'origin': 'tauri://localhost'}
  get_public_config -> {'cloud_base_url': 'http://127.0.0.1:18080', 'local_agent_port': 63244, 'environment': 'development'}
  ipc:// refusals  3 (Tauri's preferred transport)
    refused: ipc://localhost/get_public_config
    refused: ipc://localhost/log_js_error
    (registered finding: connect-src does not list ipc:, so Tauri falls back to postMessage for every later command)
  fetch http://127.0.0.1:18080/healthz -> resolved refusals=0
    no violation: the configured origin is allowed
  fetch http://localhost:18080/healthz -> rejected refusals=1 (control: must be rejected in every leg, whatever the config says about the real origin)
  local_agent_start -> ok=True value='sidecar_started' error=None
  local_agent_health -> ok=True body='{"status":"ok","service":"wt-media-agent","mode":"m1"}' attempts=1
  listener    pid=23972 bound=127.0.0.1:63244
  child       ppid=23967 argv=/Users/aqiuye/Develop/workspace/wt-media/wt-media-agent/.venv/bin/python -m wt_media_agent.sidecar_main
    argv carries no token-shaped argument
  /healthz    no token -> 401, wrong token -> 401, the Desktop's own client -> 200
  data dir    ['local-agent.sqlite3', 'logs', 'versions']
  desktop stopped (exit=-15, was running=True)
  after stop: nothing listening on 63244

==============================================================================
M4-ipc-source-added  (csp_connect_src = ipc: http://ipc.localhost http://127.0.0.1:18080)
==============================================================================
  config      /tmp/wt-ac05/M4-ipc-source-added/desktop.toml
  agent port  63288 (8765 belongs to the developer's own Agent — untouched)
  data dir    /tmp/wt-ac05/M4-ipc-source-added/agent-data
  fallback    file=False env=set sidecar_beside_exe=False
  launched    pid=24092
  desktop stderr: [wt-media-desktop] 配置来自环境变量指定的文件
  reports: ['Boot', 'PublicConfig', 'CspFetchCloud', 'Violation', 'CspFetchLoopback', 'AgentStart', 'AgentHealth', 'Done']
  Boot: {'internals': True, 'href': 'tauri://localhost', 'origin': 'tauri://localhost'}
  get_public_config -> {'cloud_base_url': 'http://127.0.0.1:18080', 'local_agent_port': 63288, 'environment': 'development'}
  ipc:// refusals  0 (Tauri's preferred transport)
  fetch http://127.0.0.1:18080/healthz -> resolved refusals=0
    no violation: the configured origin is allowed
  fetch http://localhost:18080/healthz -> rejected refusals=1 (control: must be rejected in every leg, whatever the config says about the real origin)
  local_agent_start -> ok=True value='started' error=None
  local_agent_health -> ok=True body='{"status":"ok","service":"wt-media-agent","mode":"m1"}' attempts=1
  listener    pid=24099 bound=127.0.0.1:63288
  child       ppid=24092 argv=python3 -m wt_media_agent.local_api.server
    argv carries no token-shaped argument
  /healthz    no token -> 401, wrong token -> 401, the Desktop's own client -> 200
  data dir    ['local-agent.sqlite3', 'logs', 'versions']
  desktop stopped (exit=-15, was running=True)
  after stop: nothing listening on 63288

==============================================================================
RESULT: PASS -- four real launches: both spawn paths carried the four variables, the wrong CSP was enforced and the right one was not, and the ipc:// refusal follows from the missing CSP source alone
