# t01-gate-after.out  （T-01 全部改动落地后，收尾读数见 t01-gate-final.out）

## 六门禁
$ python3 -B -X pycache_prefix=/tmp/pyc-none scripts/verify_delivery_governance.py
archive readonly: scanned 12 script(s) under scripts/, 0 write(s) reaching delivery/completed/
archive boundary: checked delivery/completed/README.md, 1 boundary marker(s)
Delivery governance verification ok. Active CHG: CHG-20260926-067
exit=0

$ python3 -B -X pycache_prefix=/tmp/pyc-none scripts/verify_agent_entry.py
execution snapshot: 2048 characters (~819 tokens, budget 8000 characters)
rule-text duplication: compared 98 rule sentence(s) across 11 file(s) in 4 repositories
Agent entry verification ok. 0 warning(s) need review.
exit=0

$ python3 -B -X pycache_prefix=/tmp/pyc-none scripts/verify_skills.py
verified 10 skill source files
exit=0

$ python3 -B -X pycache_prefix=/tmp/pyc-none scripts/verify_m0_config.py
Workspace config verification ok
exit=0

$ python3 -B -X pycache_prefix=/tmp/pyc-none scripts/verify_product_master_alignment.py
Product and Master Plan alignment verification ok
exit=0

$ python3 -B -X pycache_prefix=/tmp/pyc-none scripts/verify_m2_acceptance.py
M2 static cross-repository acceptance matrix ok
NOTE: real MySQL and BitBrowser evidence must be recorded separately
exit=0

## sync_skills.py check
skill outputs are up to date
exit=0

## 套件
----------------------------------------------------------------------
Ran 101 tests in 0.582s

OK

## bin/control.sh 自有测试
PASS: bin/control.sh usage, dispatch, status wiring, and no-port-literal
exit=0

## 关键分母：归档只读扫描面（递归后）
改前（非递归 glob，probe 不在树内）：scanned 12 script(s)
改后（rglob，probe 已删）：archive readonly: scanned 12 script(s) under scripts/, 0 write(s) reaching delivery/completed/
