# T-06 agent 回指扫描：三个被删名字
# 仓: wt-media-agent  日期: 2026-09-26
#
## 分母
#   git ls-files（已跟踪）                    = 154
#   git ls-files --others --exclude-standard  =   3  （bin/control.sh、scripts/dev/.gitkeep、scripts/verify/.gitkeep）
#
## 形态 A：带回指边界的精确名  `([^-a-z]|^)(start-health|stop-health|health)\.sh`
#   不带边界会怎样：`health\.sh` 是 `verify-health.sh` 的子串，裸写法必然把幸存的验收脚本算进来（见形态 C）。
#   -- 只读已跟踪（**这就是 T-04 踩过的坑**）--
#     命中 0（rc=1）
#     **这个 0 是假的**：bin/control.sh 尚未 git add，被扫集合里没有它。
#   -- 加 --untracked（真实读数）--
#     bin/control.sh:4:# and report on it. It merges what `scripts/start-health.sh`,
#     bin/control.sh:5:# `scripts/stop-health.sh` and `scripts/health.sh` used to do, unchanged.
#     共 2 行，**都在新文件自己的表头叙述里**（过去时的「合并了这三个脚本」说明）→ 判留。
#     可解析的活指针（读者会照着去跑的命令）= **0**。
#   -- 提交后再测（同样的集合，不再靠 --untracked）--
#     见下方「提交后复核」一节。
#
## 形态 B：带目录的路径写法  `scripts/<name>\.sh`
#   scripts/start-health\.sh  命中 1 行   (bin/control.sh:4)
#   scripts/stop-health\.sh   命中 1 行   (bin/control.sh:5)
#   scripts/health\.sh        命中 1 行   (bin/control.sh:5，与上一行是同一行)
#   去重后 = 2 行，与形态 A 同一组，无新增。
#
## 形态 C：裸子串  `health\.sh`
#   命中 10 行，**全部是子串重叠，不含任何新事实**：
#     8 行落在幸存的 `scripts/verify-health.sh` 上（`verify-health.sh` 以 `health.sh` 结尾）
#     2 行落在 `bin/control.sh:4-5`，即形态 A 那两行（`start-health.sh`/`stop-health.sh` 也以 `health.sh` 结尾）
#   8 + 2 = 10 ✓。裸写法**没有判别力**，只作完备性登记。
#
## 阳性对照（证明这三条判据能失败）
#   git grep -lF --untracked 'bin/control.sh'  = 6 个文件
#   git grep -nF --untracked 'bin/control.sh'  = 12 行
#   即：删除后指向新入口的引用确实存在且被看见——不是「扫了个空集」。
#
## 反向对照（证明扫的不是空转）
#   git grep -nE --untracked 'scripts/never-existed\.sh' → 命中 0（rc=1）
#   这个 0 与形态 A 的 0 不同：前者是对**从不存在的名字**的预期 0，后者是修复后的目标 0。
#   两者的区别由阳性对照给出（同一命令、同一集合，'bin/control.sh' 有 12 行）。
#
## 一个过程事实
#   形态 A 的「只读已跟踪 = 0」是本 CHG 自己刚登记过的坑（§14 第 24 项），此处当场复现了一次：
#   同一时刻、同一命令，只差 `--untracked`，读数 0 → 2。故本产物的每一条读数都标明取了哪个集合。

## 提交后复核（agent `aa95332`）
#   命令与形态 A 逐字相同，**不带 --untracked**（此时新文件已入索引）：
#     bin/control.sh:4:# and report on it. It merges what `scripts/start-health.sh`,
#     bin/control.sh:5:# `scripts/stop-health.sh` and `scripts/health.sh` used to do, unchanged.
#     rc=0
#   与提交前带 --untracked 的读数**逐字相同（2 行）** ⇒ 提交前的那个集合就是提交后的集合。
#   算术闭合（这是 §14 第 24 项那条教训在 agent 上的复算）：
#     提交前  git ls-files = 154（= 157 个 HEAD 跟踪文件 − 3 个已 git rm 进索引的删除）
#             git ls-files --others --exclude-standard = 3（bin/control.sh、两个 .gitkeep）
#             **154 + 3 = 157**
#     提交后  git ls-files = 157，--others = 0
#   ⇒ `--untracked` 覆盖到的正是「已删除但未提交」与「已新增但未提交」两类，
#     带上它之后被扫集合与提交后**相等**。T-04 栽的是漏了这条，不是形态写错。
#   工作树仅剩 ` M AGENT-INDEX.md`（开工前就存在，未触碰）。
