# T-06 记录体量：按 Task 增量量（不是存量）
# 基准 = 上一个 Task 的提交 `627086b`（T-05）；本文件不计入自身分母

| 文件 | 627086b | 现在 | 增量 | 上限 | 判定 |
|---|---|---|---|---|---|
| `change.md` | 39882 B | 44516 B | **+4634 B** | 5120 B/Task | PASS |
| `checkpoint.md` | 15667 B | 18751 B | **+3084 B** | 4096 B/Task | PASS |
| `evidence/task-06-agent-layout.md` | —（本 Task 新建） | 7780 B | **7780 B** | 9216 B/Task | PASS |

## 为什么是「增量」而不是「总量」
# 存量式上限（「`change.md` 总量 ≤ X」）由任务数决定，任务一多必然破；本 CHG 已按 Task 增量改口径。
# 本条对 T-04 特别重要：T-04 那行单独看 `change.md` 会以为超了，其实是把 T-05 的字节算进去了（`t04-record-size.out` 更正二）。
# T-06 的 4634 B 里含 §14 的第 25／26／27 三项与 T-06 行本身的读数——登记项的价格是**一次付清**的，后续 Task 不再重复计。

## artifacts 单列（非绑定）
#   t06-control-arms.out             5020 B
#   t06-doc-port-literals.out        2812 B
#   t06-pointer-sweep.out            4055 B
#   合计 11887 B。原始输出（臂日志、grep 逐行）不设上限：它们的价值在于可复核，不是可读。

## 自指项
#   本产物（`t06-record-size.out`）跑在被扫集合**之外**（`delivery/` 不在 `git grep` 的正文扫描面内），
#   且上面的行数/字节数都不含它自己 ⇒ 不存在「产物进了自己的分母」。
#   唯一自指风险是它记录的 "change.md 现在 = 44516 B" 会在写完本文件后失效——因为本文件不写进 change.md，
#   故该读数在**本 Task 提交后**仍是终值（change.md 在提交前最后一次改动之后测量）。
