=== T-10 既有间歇红：量测转录 · 2026-09-25 ===

被测用例（未改动任何实现，只在**当前工作树**上重复跑）：
  tests/test_sidecar_entry.py::SigtermTests::test_a_request_in_flight_when_the_signal_arrives_is_waited_for

该用例的断言（原文，见 tests/test_sidecar_entry.py:348-375）：
  process.poll() is None      # 有请求在飞时，退出必须被这个请求拖着
  assertNotIn('...local API stopped', stdout)   # 那行在 join 之后打，在飞时不该出现
  process.wait(timeout=10) == 0 且 stdout 里出现那行   # 松手后必须正常退出

判别实验用的探针（**不提交、用完即删**）：wt-media-agent/tests/zz_t10_race_probe.py
  它复用同一个 _start/_sigterm 夹具，只加一个旋钮 PROBE_WAIT = 「请求行发出后、SIGTERM 之前」等多久；
  把真实宿主的 wait 从 0 提到 0.3s 会怎样 —— 这是「信号赶在 accept 之前」这个假设的判别实验。
  alive=True    = 进程还活着（有请求在飞，这是**期望**行为）
  alive=False   = 进程照样退了（= 真用例失败的那个形态）

################################################################
# 第一轮：串行有界驱动（每臂单进程，每次迭代上限 20s，挂住记 wait）
################################################################

=== 间歇红量测 · 2026-09-25 12:55:12 CST ===
cwd = /Users/aqiuye/Develop/workspace/wt-media/wt-media-agent
每个臂：单进程串行，每次迭代上限 20s（挂住记 wait）

臂 P_real_test：输掉竞态 1 / 20　挂住 >20s 的 0 次　（44s）
臂 A_no_wait：输掉竞态 6 / 40　挂住 >20s 的 0 次　（364s）
臂 B_wait_0.3s：输掉竞态 11 / 40　挂住 >20s 的 0 次　（380s）

口径：'输掉竞态' = 该次运行不是全绿（对 P 臂）或探针报 alive!=True（对 A/B 臂）。

驱动脚本：/tmp/t10-flake-driver.py（一次性，不在仓内）
臂 P = 跑真实用例；臂 A/B = 跑探针，PROBE_WAIT 分别 0 与 0.3。

################################################################
# 这些读数的分量，逐条算清
################################################################

  P 臂 1/20（5%）    —— 与先前那次同臂读数一致（同 1/20），这条是稳定的：真用例确实会红。
  A 臂 6/40（15%）   —— 与本轮之前同臂读数 2/40（5%）**不一致**，
     同臂两次之差 2/40 vs 6/40：Fisher 双尾 p = 0.527 ⇒ 不显著，
     也就是说：**同一个臂，两次跑就能差 3 倍**。这给「15~40 次样本能分辨什么」定了个下界。

  A 臂 6/40 vs B 臂 11/40：Fisher 双尾 p = 0.548 ⇒ 不显著。
     方向与假设**相反**（等 0.3s 应该更少输，实测更多），但这个差本身也没到显著。

  P 臂 1/20 vs A 臂 6/40（同为「不等」）：p = 0.813 ⇒ 不显著。
     ⇒ 探针**不是**真用例的忠实替身：名义上同样的场景，探针红得更多。

  方法学上的硬伤（必须一起读）：三个臂是**块状**跑的（P 全跑完再 A，A 全跑完再 B），
  不是交错随机化。所以「B 比 A 差」与机器负载／残留句柄／块序**混在一起**，
  这次量测分不开「旋钮」与「顺序」。

################################################################
# 掉队与被丢弃的读数（如实登记，不当结论用）
################################################################

  ① 更早一轮的小样本：不等 2/15、等 0.3s 0/15。当时读成「方向与假设一致」——
     本轮 40 次样本把方向翻了过来（11/40 > 6/40），所以那 15 次读数**不足以**支撑方向判断。
  ② 一个跑 40×2 的后台任务：命令正常结束（exit 0），但它的输出文件是 **0 字节**——
     日志没被捕获，读数**丢了**，不作数。
  ③ 另有一个 40 次的重跑：因超时被移到后台后又被重复执行，两个循环同时往同一个文件写，
     只保住 A 臂那一行（2/40）；B 臂那一轮**没拿到**，已如实记为未取得。
     这一条也解释了为什么本轮改成单进程串行 + 每次迭代 20s 上限的驱动。

结论：**不宣称机制**。假设（信号赶在连接被 accept、处理线程登记之前到达）既没被证实，
      也被本轮那 40 次的方向**顶了一下**；而块序混杂又使得连这个「顶」都还不足以下判断。
      处置方向留在 Q-07 未裁定。
