# t01-gate-final.out
取数时刻：T-01 的全部代码改动与全部记录写入**都已落地之后**（写完本文件即提交，此后不再改任何被本表读到的文件）。

$ python3 -B -X pycache_prefix=/tmp/pyc-none scripts/verify_delivery_governance.py
archive readonly: scanned 12 script(s) under scripts/, 0 write(s) reaching delivery/completed/
archive boundary: checked delivery/completed/README.md, 1 boundary marker(s)
Delivery governance verification ok. Active CHG: CHG-20260926-067
exit=0

$ python3 -B -X pycache_prefix=/tmp/pyc-none scripts/verify_agent_entry.py
execution snapshot: 2048 characters (~819 tokens, budget 8000 characters)
rule-text duplication: compared 98 rule sentence(s) across 11 file(s) in 4 repositories
Agent entry verification ok. 0 warning(s) need review.
exit=0

$ python3 -B -X pycache_prefix=/tmp/pyc-none scripts/verify_skills.py
verified 10 skill source files
exit=0

$ python3 -B -X pycache_prefix=/tmp/pyc-none scripts/verify_m0_config.py
Workspace config verification ok
exit=0

$ python3 -B -X pycache_prefix=/tmp/pyc-none scripts/verify_product_master_alignment.py
Product and Master Plan alignment verification ok
exit=0

$ python3 -B -X pycache_prefix=/tmp/pyc-none scripts/verify_m2_acceptance.py
M2 static cross-repository acceptance matrix ok
NOTE: real MySQL and BitBrowser evidence must be recorded separately
exit=0

$ python3 -B -X pycache_prefix=/tmp/pyc-none scripts/sync_skills.py check
skill outputs are up to date
exit=0

$ python3 -B -X pycache_prefix=/tmp/pyc-none -m unittest discover -s tests -q
Ran 101 tests in 0.614s

OK

$ bash scripts/test-control.sh
PASS: bin/control.sh usage, dispatch, status wiring, and no-port-literal
exit=0
