# t03-gate-final.out
取数时刻：T-03 的全部改动与全部记录写入都已落地之后（本 Task 的最后一次改动）。
desktop 提交 9ba5486（T-03 的 desktop 侧已提交）。

$ python3 -B -X pycache_prefix=/tmp/pyc-none scripts/verify_delivery_governance.py
archive readonly: scanned 12 script(s) under scripts/, 0 write(s) reaching delivery/completed/
archive boundary: checked delivery/completed/README.md, 1 boundary marker(s)
Delivery governance verification ok. Active CHG: CHG-20260926-067
exit=0

$ python3 -B -X pycache_prefix=/tmp/pyc-none scripts/verify_agent_entry.py
execution snapshot: 2048 characters (~819 tokens, budget 8000 characters)
rule-text duplication: compared 99 rule sentence(s) across 11 file(s) in 4 repositories
Agent entry verification ok. 0 warning(s) need review.
exit=0

$ python3 -B -X pycache_prefix=/tmp/pyc-none scripts/verify_skills.py
verified 10 skill source files
exit=0

$ python3 -B -X pycache_prefix=/tmp/pyc-none scripts/verify_m0_config.py
Workspace config verification ok
exit=0

$ python3 -B -X pycache_prefix=/tmp/pyc-none scripts/verify_product_master_alignment.py
Product and Master Plan alignment verification ok
exit=0

$ python3 -B -X pycache_prefix=/tmp/pyc-none scripts/verify_m2_acceptance.py
M2 static cross-repository acceptance matrix ok
NOTE: real MySQL and BitBrowser evidence must be recorded separately
exit=0

$ python3 -B -X pycache_prefix=/tmp/pyc-none -m unittest discover -s tests -q
----------------------------------------------------------------------
Ran 101 tests in 0.558s

OK

$ python3 -B -X pycache_prefix=/tmp/pyc-none scripts/sync_skills.py check
skill outputs are up to date
exit=0
