CHG-20260926-067 T-03 -- verify_m0_local.sh (bash), full output
取数时刻：T-03 的全部改动落地之后。desktop HEAD 7c1b0ad，T-03 改动在未提交的工作树里。

.....................................................................................................
----------------------------------------------------------------------
Ran 101 tests in 0.430s

OK
verified 10 skill source files
Workspace config verification ok
Product and Master Plan alignment verification ok

added 123 packages in 7s
npm warn install-scripts 2 packages have install scripts not yet covered by allowScripts:
npm warn install-scripts   esbuild@0.28.1 (postinstall: node install.js)
npm warn install-scripts   fsevents@2.3.3 (install: (install scripts present))
npm warn install-scripts
npm warn install-scripts Run `npm install-scripts ls` to review, or `npm install-scripts approve <pkg>` to allow.
?   	github.com/wt-media/wt-media-cloud/cmd/discovery-scheduler	[no test files]
?   	github.com/wt-media/wt-media-cloud/cmd/discovery-worker	[no test files]
?   	github.com/wt-media/wt-media-cloud/cmd/migrate	[no test files]
ok  	github.com/wt-media/wt-media-cloud/cmd/server	0.483s
ok  	github.com/wt-media/wt-media-cloud/internal/architecture	0.798s
ok  	github.com/wt-media/wt-media-cloud/internal/bootstrap	1.105s
ok  	github.com/wt-media/wt-media-cloud/internal/config	1.486s
ok  	github.com/wt-media/wt-media-cloud/internal/infra/client/agent	1.872s
ok  	github.com/wt-media/wt-media-cloud/internal/infra/client/observe	2.299s
ok  	github.com/wt-media/wt-media-cloud/internal/infra/client/platforms/douyin	2.714s
ok  	github.com/wt-media/wt-media-cloud/internal/infra/database	3.168s
ok  	github.com/wt-media/wt-media-cloud/internal/infra/database/migration	3.546s
ok  	github.com/wt-media/wt-media-cloud/internal/infra/logger	3.775s
ok  	github.com/wt-media/wt-media-cloud/internal/infra/metrics	3.703s
ok  	github.com/wt-media/wt-media-cloud/internal/infra/tracing	3.653s
ok  	github.com/wt-media/wt-media-cloud/internal/jobs	3.666s
ok  	github.com/wt-media/wt-media-cloud/internal/middleware	3.791s
ok  	github.com/wt-media/wt-media-cloud/internal/modules/cloudagent	3.796s
ok  	github.com/wt-media/wt-media-cloud/internal/modules/cloudagent/dto	3.717s
ok  	github.com/wt-media/wt-media-cloud/internal/modules/cloudagent/model	3.664s
ok  	github.com/wt-media/wt-media-cloud/internal/modules/cloudagent/repository	3.688s
ok  	github.com/wt-media/wt-media-cloud/internal/modules/cloudagent/service	3.746s
?   	github.com/wt-media/wt-media-cloud/internal/modules/contentpool	[no test files]
?   	github.com/wt-media/wt-media-cloud/internal/modules/contentpool/dto	[no test files]
?   	github.com/wt-media/wt-media-cloud/internal/modules/contentpool/model	[no test files]
ok  	github.com/wt-media/wt-media-cloud/internal/modules/contentpool/repository	3.586s
ok  	github.com/wt-media/wt-media-cloud/internal/modules/contentpool/service	3.673s
ok  	github.com/wt-media/wt-media-cloud/internal/modules/identity	3.518s
ok  	github.com/wt-media/wt-media-cloud/internal/modules/identity/dto	3.751s
ok  	github.com/wt-media/wt-media-cloud/internal/modules/identity/model	3.724s
ok  	github.com/wt-media/wt-media-cloud/internal/modules/identity/repository	3.433s
ok  	github.com/wt-media/wt-media-cloud/internal/modules/identity/service	7.038s
ok  	github.com/wt-media/wt-media-cloud/internal/modules/mediaaccount	3.404s
ok  	github.com/wt-media/wt-media-cloud/internal/modules/mediaaccount/dto	3.578s
ok  	github.com/wt-media/wt-media-cloud/internal/modules/mediaaccount/model	3.507s
ok  	github.com/wt-media/wt-media-cloud/internal/modules/mediaaccount/repository	3.149s
ok  	github.com/wt-media/wt-media-cloud/internal/modules/mediaaccount/service	3.254s
ok  	github.com/wt-media/wt-media-cloud/internal/modules/profilebinding	3.383s
ok  	github.com/wt-media/wt-media-cloud/internal/modules/profilebinding/dto	3.603s
ok  	github.com/wt-media/wt-media-cloud/internal/modules/profilebinding/model	2.965s
ok  	github.com/wt-media/wt-media-cloud/internal/modules/profilebinding/repository	2.803s
ok  	github.com/wt-media/wt-media-cloud/internal/modules/profilebinding/service	2.914s
ok  	github.com/wt-media/wt-media-cloud/internal/modules/profileguard	2.909s
ok  	github.com/wt-media/wt-media-cloud/internal/modules/profileguard/dto	3.062s
ok  	github.com/wt-media/wt-media-cloud/internal/modules/profileguard/model	2.971s
ok  	github.com/wt-media/wt-media-cloud/internal/modules/profileguard/repository	2.868s
ok  	github.com/wt-media/wt-media-cloud/internal/modules/profileguard/service	3.017s
ok  	github.com/wt-media/wt-media-cloud/internal/modules/proxy	3.211s
ok  	github.com/wt-media/wt-media-cloud/internal/modules/proxy/dto	3.511s
ok  	github.com/wt-media/wt-media-cloud/internal/modules/proxy/model	3.414s
ok  	github.com/wt-media/wt-media-cloud/internal/modules/proxy/repository	3.404s
ok  	github.com/wt-media/wt-media-cloud/internal/modules/proxy/service	3.542s
ok  	github.com/wt-media/wt-media-cloud/internal/modules/runtimebinding	3.651s
ok  	github.com/wt-media/wt-media-cloud/internal/modules/runtimebinding/dto	3.700s
ok  	github.com/wt-media/wt-media-cloud/internal/modules/runtimebinding/model	3.610s
ok  	github.com/wt-media/wt-media-cloud/internal/modules/runtimebinding/repository	3.433s
ok  	github.com/wt-media/wt-media-cloud/internal/modules/runtimebinding/service	3.672s
ok  	github.com/wt-media/wt-media-cloud/internal/scheduler	3.901s
ok  	github.com/wt-media/wt-media-cloud/internal/shared/api	3.460s
?   	github.com/wt-media/wt-media-cloud/internal/shared/id	[no test files]
?   	github.com/wt-media/wt-media-cloud/internal/shared/identity	[no test files]
ok  	github.com/wt-media/wt-media-cloud/internal/shared/requestctx	3.537s
ok  	github.com/wt-media/wt-media-cloud/pkg/clients/http	3.303s
ok  	github.com/wt-media/wt-media-cloud/pkg/config	3.512s
ok  	github.com/wt-media/wt-media-cloud/pkg/logger	3.479s

> wt-media-cloud-web@0.1.0 test
> vitest run


 RUN  v3.2.7 /Users/aqiuye/Develop/workspace/wt-media/wt-media-cloud/web

 ✓ src/modules/contentpool/pages/ContentPoolPage.test.js (16 tests) 4ms
 ✓ src/localLogsView.test.js (17 tests) 3ms
 ✓ src/localSettingsService.test.js (20 tests) 10ms
 ✓ src/localSettingsView.test.js (19 tests) 9ms
 ✓ src/mediaAccounts.test.js (11 tests) 7ms
 ✓ src/localSettingsWiring.test.js (8 tests) 27ms
 ✓ src/localAgentService.test.js (10 tests) 26ms
 ✓ src/localAgentBoundary.test.js (4 tests) 3ms
 ✓ src/modules/contentpool/pages/DiscoveryPages.test.js (3 tests) 3ms
 ✓ src/profileBindings.test.js (3 tests) 3ms
 ✓ src/modules/contentpool/pages/ListPageConventions.test.js (6 tests) 45ms
 ✓ src/apps/cloud/pages/users/usersApi.test.js (3 tests) 3ms
 ✓ src/shared/ui/resource/resourceModule.test.js (3 tests) 5ms
 ✓ src/proxy.test.js (3 tests) 3ms
 ✓ src/http.test.js (3 tests) 4ms
 ✓ src/apps/cloud/pages/users/UsersPage.test.js (6 tests) 3ms
 ✓ src/proxyOperationBoundary.test.js (4 tests) 2ms
 ✓ src/modules/profiles/pages/ProfilesPage.test.js (5 tests) 2ms
 ✓ src/layout/AppLayout.test.js (5 tests) 2ms
 ✓ src/modules/accounts/pages/AccountsPage.test.js (4 tests) 2ms
 ✓ src/modules/proxy/pages/ProxyPage.test.js (4 tests) 2ms
 ✓ src/apps/cloud/pages/users/TeamsAndGamesPage.test.js (3 tests) 2ms
 ✓ src/localAgentStatus.test.js (2 tests) 1ms
 ✓ src/session.test.js (2 tests) 4ms
 ✓ src/apps/desktop/desktopRoleGuard.test.js (2 tests) 1ms

 Test Files  25 passed (25)
      Tests  166 passed (166)
   Start at  02:05:27
   Duration  919ms (transform 341ms, setup 0ms, collect 877ms, tests 177ms, environment 2ms, prepare 1.23s)

Skipping Cloud MySQL migration: WT_MEDIA_MYSQL_DSN is not set

> wt-media-cloud-web@0.1.0 build
> vite build

vite v7.3.6 building client environment for production...
transforming...
✓ 3892 modules transformed.
rendering chunks...
computing gzip size...
dist/index.html                                       0.70 kB │ gzip:   0.51 kB
dist/assets/AccountOpeningPage-BlgSKrNz.css           0.08 kB │ gzip:   0.09 kB
dist/assets/TeamsPage-CQYbO_ve.css                    0.19 kB │ gzip:   0.15 kB
dist/assets/GamesPage-DDat5rph.css                    0.33 kB │ gzip:   0.22 kB
dist/assets/ProxyPage-BLtc3Hbz.css                    0.36 kB │ gzip:   0.23 kB
dist/assets/BusinessStatus-BYFYFR0u.css               0.37 kB │ gzip:   0.23 kB
dist/assets/datetime-DSZlXWe3.css                     0.39 kB │ gzip:   0.22 kB
dist/assets/UsersPage-DT2orHBE.css                    0.41 kB │ gzip:   0.25 kB
dist/assets/KeywordTags-gDQNaVaz.css                  0.62 kB │ gzip:   0.26 kB
dist/assets/ProfilesPage-gaF7YYSr.css                 0.65 kB │ gzip:   0.31 kB
dist/assets/LoginPage-B-R-I8fg.css                    0.93 kB │ gzip:   0.37 kB
dist/assets/ResourceStatGrid-Bx2YkAbe.css             0.99 kB │ gzip:   0.43 kB
dist/assets/ResourceStatusBadge-XGxQCA9k.css          1.45 kB │ gzip:   0.54 kB
dist/assets/AppLayout-Csmd1rYz.css                    3.68 kB │ gzip:   1.11 kB
dist/assets/CrawlTasksPage-DvvH_M2Y.css               3.87 kB │ gzip:   0.90 kB
dist/assets/DiscoveryStrategiesPage-B_tK6ZUc.css      4.36 kB │ gzip:   0.92 kB
dist/assets/AccountsPage-T7Eyz--R.css                 5.06 kB │ gzip:   1.25 kB
dist/assets/ContentPoolPage-DDGBB1g0.css              7.32 kB │ gzip:   1.55 kB
dist/assets/index-o03HRtYg.css                      451.76 kB │ gzip:  52.23 kB
dist/assets/utils-BOamhzrC.js                         0.17 kB │ gzip:   0.16 kB
dist/assets/ComingSoon-mnMWx_Nj.js                    0.34 kB │ gzip:   0.30 kB
dist/assets/session-D9KC3GGY.js                       0.42 kB │ gzip:   0.30 kB
dist/assets/ResourceStatGrid-Db6djzKM.js              0.57 kB │ gzip:   0.40 kB
dist/assets/ResourceStatusBadge-DRTSY34t.js           1.01 kB │ gzip:   0.53 kB
dist/assets/usersApi-BZ4yfRp3.js                      1.41 kB │ gzip:   0.61 kB
dist/assets/proxy-D6RfyTpg.js                         1.46 kB │ gzip:   0.53 kB
dist/assets/datetime-DKvSaXYP.js                      1.72 kB │ gzip:   0.77 kB
dist/assets/BusinessStatus-DtZY3EDM.js                1.95 kB │ gzip:   0.82 kB
dist/assets/http-BW9ZMU_k.js                          2.18 kB │ gzip:   1.17 kB
dist/assets/DashboardPage-qQLjV6KZ.js                 2.35 kB │ gzip:   1.07 kB
dist/assets/KeywordTags-Rnrn3KY9.js                   2.68 kB │ gzip:   1.38 kB
dist/assets/mediaAccounts-DebABqaT.js                 2.93 kB │ gzip:   1.02 kB
dist/assets/LoginPage-DmPSKfYK.js                     3.57 kB │ gzip:   1.70 kB
dist/assets/TasksPage-DbX8ii2W.js                     3.58 kB │ gzip:   1.69 kB
dist/assets/TeamsPage-DRZ8TC3p.js                     3.97 kB │ gzip:   1.87 kB
dist/assets/AppLayout-BTZdRMj5.js                     5.67 kB │ gzip:   2.55 kB
dist/assets/AccountOpeningPage-C2xBDmaG.js            5.85 kB │ gzip:   2.30 kB
dist/assets/core-Dl0PXBfK.js                          6.39 kB │ gzip:   1.90 kB
dist/assets/GamesPage-DqC2Vetq.js                     7.30 kB │ gzip:   2.80 kB
dist/assets/UsersPage-C3vgpyhn.js                    10.24 kB │ gzip:   3.48 kB
dist/assets/CrawlTasksPage-DzUX9Pcm.js               16.10 kB │ gzip:   5.50 kB
dist/assets/DiscoveryStrategiesPage-Bd51SZLT.js      22.24 kB │ gzip:   6.90 kB
dist/assets/ProxyPage-488tyKun.js                    22.53 kB │ gzip:   6.93 kB
dist/assets/ContentPoolPage-CNEAbGTl.js              31.02 kB │ gzip:   9.21 kB
dist/assets/AccountsPage-C0EGn_lU.js                 38.78 kB │ gzip:  11.80 kB
dist/assets/ProfilesPage-BrAxgDOF.js                 42.08 kB │ gzip:  11.93 kB
dist/assets/index-BhQewhkX.js                     1,373.97 kB │ gzip: 372.02 kB

(!) Some chunks are larger than 500 kB after minification. Consider:
- Using dynamic import() to code-split the application
- Use build.rollupOptions.output.manualChunks to improve chunking: https://rollupjs.org/configuration-options/#output-manualchunks
- Adjust chunk size limit for this warning via build.chunkSizeWarningLimit.
✓ built in 6.54s
Resolved 9 packages in 8ms
Downloading pyinstaller (1.0MiB)
 Downloaded pyinstaller
Prepared 1 package in 21.99s
Uninstalled 1 package in 52ms
Installed 1 package in 9ms
 - pyinstaller==6.22.2
 + pyinstaller==6.22.3
...................................................{"agent_id": "local-agent-dev", "cloud_base_url": "http://127.0.0.1:18080", "data_dir": "/var/folders/xb/3xygqqks7hxf3vpmc1s_z26h0000gn/T/tmpfiziub6u/.local/data", "database_path": "/var/folders/xb/3xygqqks7hxf3vpmc1s_z26h0000gn/T/tmpfiziub6u/.local/data/local-agent.sqlite3", "environment": "development", "log_file": "/var/folders/xb/3xygqqks7hxf3vpmc1s_z26h0000gn/T/tmpfiziub6u/.local/logs/agent.log", "mode": "cloud", "run_runner": false, "version": "0.2.2"}
.{"agent_id": "local-agent-dev", "cloud_base_url": "http://127.0.0.1:18080", "data_dir": "/var/folders/xb/3xygqqks7hxf3vpmc1s_z26h0000gn/T/tmp9cgau6pk/.local/data", "database_path": "/var/folders/xb/3xygqqks7hxf3vpmc1s_z26h0000gn/T/tmp9cgau6pk/.local/data/local-agent.sqlite3", "environment": "development", "log_file": "/var/folders/xb/3xygqqks7hxf3vpmc1s_z26h0000gn/T/tmp9cgau6pk/.local/logs/agent.log", "mode": "cloud", "run_runner": true, "version": "0.2.2"}
.../Users/aqiuye/.local/share/uv/python/cpython-3.14.4-macos-aarch64-none/lib/python3.14/tempfile.py:484: ResourceWarning: Implicitly cleaning up <HTTPError 401: 'Unauthorized'>
  _warnings.warn(self.warn_message, ResourceWarning)
...................usage: python -m unittest [-h] [--target TARGET] [--output-dir OUTPUT_DIR]
                          [--manifest MANIFEST] [--config-dir CONFIG_DIR]
python -m unittest: error: nothing to do: pass --config-dir, or --output-dir and --manifest
..usage: python -m unittest [-h] [--target TARGET] [--output-dir OUTPUT_DIR]
                          [--manifest MANIFEST] [--config-dir CONFIG_DIR]
python -m unittest: error: --output-dir and --manifest go together
..................................................................local_api.status.failure duration_ms=27
Traceback (most recent call last):
  File "/Users/aqiuye/Develop/workspace/wt-media/wt-media-agent/src/wt_media_agent/local_api/server.py", line 128, in status
    environment = RuntimeEnvironmentCollector(bitbrowser=self.bitbrowser).collect().to_dict()
                  ~~~~~~~~~~~~~~~~~~~~~~~~~~~~~~~~~~~~~~~~~~~~~~~~~~~~~~~~~~~~~~~^^
  File "/Users/aqiuye/Develop/workspace/wt-media/wt-media-agent/src/wt_media_agent/runtime/environment.py", line 114, in collect
    snapshot = self._bitbrowser.scan_profiles()
               ^^^^^^^^^^^^^^^^^^^^^^^^^^^^^^
  File "/Users/aqiuye/Develop/workspace/wt-media/wt-media-agent/tests/support.py", line 33, in __getattr__
    raise AssertionError(f"this test must not touch BitBrowser.{name}")
AssertionError: this test must not touch BitBrowser.scan_profiles
......................local_api.health.bitbrowser.degraded error=BitBrowser Local API request failed: [Errno 61] Connection refused
.local_api.health.cloud.degraded error=refused
.local_api.health.cloud.degraded error=timed out
..local_api.health.bitbrowser.degraded error=BitBrowser Local API request failed: [Errno 61] Connection refused
.local_api.health.storage.degraded error=no database at /var/folders/xb/3xygqqks7hxf3vpmc1s_z26h0000gn/T/wt-media-agent-test-rouatezo/data/absent.db
Traceback (most recent call last):
  File "/Users/aqiuye/Develop/workspace/wt-media/wt-media-agent/src/wt_media_agent/local_api/health.py", line 207, in _storage_status
    store.probe()
    ~~~~~~~~~~~^^
  File "/Users/aqiuye/Develop/workspace/wt-media/wt-media-agent/src/wt_media_agent/storage/checkpoint_store.py", line 75, in probe
    raise FileNotFoundError(f"no database at {self._db_path}")
FileNotFoundError: no database at /var/folders/xb/3xygqqks7hxf3vpmc1s_z26h0000gn/T/wt-media-agent-test-rouatezo/data/absent.db
...local_api.health.cloud.degraded error=[Errno 61] Connection refused
local_api.health.bitbrowser.degraded error=BitBrowser Local API request failed: [Errno 61] Connection refused
local_api.health.storage.degraded error=no database at /var/folders/xb/3xygqqks7hxf3vpmc1s_z26h0000gn/T/wt-media-agent-test-b0pwtzta/data/absent.db
Traceback (most recent call last):
  File "/Users/aqiuye/Develop/workspace/wt-media/wt-media-agent/src/wt_media_agent/local_api/health.py", line 207, in _storage_status
    store.probe()
    ~~~~~~~~~~~^^
  File "/Users/aqiuye/Develop/workspace/wt-media/wt-media-agent/src/wt_media_agent/storage/checkpoint_store.py", line 75, in probe
    raise FileNotFoundError(f"no database at {self._db_path}")
FileNotFoundError: no database at /var/folders/xb/3xygqqks7hxf3vpmc1s_z26h0000gn/T/wt-media-agent-test-b0pwtzta/data/absent.db
......./Users/aqiuye/.local/share/uv/python/cpython-3.14.4-macos-aarch64-none/lib/python3.14/ast.py:46: ResourceWarning: unclosed database in <sqlite3.Connection object at 0x10ada1f30>
  return compile(source, filename, mode, flags,
ResourceWarning: Enable tracemalloc to get the object allocation traceback
/Users/aqiuye/.local/share/uv/python/cpython-3.14.4-macos-aarch64-none/lib/python3.14/ast.py:46: ResourceWarning: unclosed database in <sqlite3.Connection object at 0x10ada16c0>
  return compile(source, filename, mode, flags,
ResourceWarning: Enable tracemalloc to get the object allocation traceback
..local_api.profile_open.failure profile_id=profile-1 duration_ms=0 error=BitBrowser request failed: 浏览器正在打开中
........2026-09-26T02:06:05 [INFO] wt_media_agent.somewhere: local_api.status.start
.2026-09-26T02:06:05 [INFO] wt_media_agent.somewhere: operation_id=aaaaaaaaaaaaaaaa outer before
2026-09-26T02:06:05 [INFO] wt_media_agent.somewhere: operation_id=bbbbbbbbbbbbbbbb inner
2026-09-26T02:06:05 [INFO] wt_media_agent.somewhere: operation_id=aaaaaaaaaaaaaaaa outer after
2026-09-26T02:06:05 [INFO] wt_media_agent.somewhere: no request
.2026-09-26T02:06:05 [ERROR] wt_media_agent.runner.task: operation_id=fedcba9876543210 executor gave up
.2026-09-26T02:06:05 [ERROR] wt_media_agent.runner.task: no code on this one
.2026-09-26T02:06:05 [INFO] wt_media_agent.somewhere: operation_id=0123456789abcdef local_api.status.start
.2026-09-26T02:06:05 [WARNING] wt_media_agent.local_api.server: operation_id=c9d497bd63da6672 local_api.profile_open.reject reason=profile_id_required
2026-09-26T02:06:05 [INFO] wt_media_agent.somewhere: main thread, no request
.2026-09-26T02:06:06 [WARNING] wt_media_agent.local_api.server: operation_id=ce76b3fe2463545c local_api.profile_open.reject reason=profile_id_required
2026-09-26T02:06:06 [WARNING] wt_media_agent.local_api.server: operation_id=e6d7afe861f4332d local_api.profile_open.reject reason=profile_id_required
....2026-09-26T02:06:07 [ERROR] wt_media_agent.somewhere: upstream said: Authorization: ***
.2026-09-26T02:06:07 [ERROR] wt_media_agent.somewhere: local api rejected the sidecar token ***
2026-09-26T02:06:07 [INFO] wt_media_agent.somewhere: token was presented
........................................no executor for task type demo_echo_task
...../Users/aqiuye/.local/share/uv/python/cpython-3.14.4-macos-aarch64-none/lib/python3.14/ast.py:46: ResourceWarning: unclosed database in <sqlite3.Connection object at 0x10abeb790>
  return compile(source, filename, mode, flags,
ResourceWarning: Enable tracemalloc to get the object allocation traceback
/Users/aqiuye/.local/share/uv/python/cpython-3.14.4-macos-aarch64-none/lib/python3.14/ast.py:46: ResourceWarning: unclosed database in <sqlite3.Connection object at 0x10ada1120>
  return compile(source, filename, mode, flags,
ResourceWarning: Enable tracemalloc to get the object allocation traceback
/Users/aqiuye/.local/share/uv/python/cpython-3.14.4-macos-aarch64-none/lib/python3.14/ast.py:46: ResourceWarning: unclosed database in <sqlite3.Connection object at 0x10ada3a60>
  return compile(source, filename, mode, flags,
ResourceWarning: Enable tracemalloc to get the object allocation traceback
/Users/aqiuye/.local/share/uv/python/cpython-3.14.4-macos-aarch64-none/lib/python3.14/ast.py:46: ResourceWarning: unclosed database in <sqlite3.Connection object at 0x10ada3e20>
  return compile(source, filename, mode, flags,
ResourceWarning: Enable tracemalloc to get the object allocation traceback
/Users/aqiuye/.local/share/uv/python/cpython-3.14.4-macos-aarch64-none/lib/python3.14/ast.py:46: ResourceWarning: unclosed database in <sqlite3.Connection object at 0x10ada3d30>
  return compile(source, filename, mode, flags,
ResourceWarning: Enable tracemalloc to get the object allocation traceback
/Users/aqiuye/.local/share/uv/python/cpython-3.14.4-macos-aarch64-none/lib/python3.14/ast.py:46: ResourceWarning: unclosed database in <sqlite3.Connection object at 0x10ada08b0>
  return compile(source, filename, mode, flags,
ResourceWarning: Enable tracemalloc to get the object allocation traceback
/Users/aqiuye/.local/share/uv/python/cpython-3.14.4-macos-aarch64-none/lib/python3.14/ast.py:46: ResourceWarning: unclosed database in <sqlite3.Connection object at 0x10ada1b70>
  return compile(source, filename, mode, flags,
ResourceWarning: Enable tracemalloc to get the object allocation traceback
/Users/aqiuye/.local/share/uv/python/cpython-3.14.4-macos-aarch64-none/lib/python3.14/ast.py:46: ResourceWarning: unclosed database in <sqlite3.Connection object at 0x10ada1990>
  return compile(source, filename, mode, flags,
ResourceWarning: Enable tracemalloc to get the object allocation traceback
/Users/aqiuye/.local/share/uv/python/cpython-3.14.4-macos-aarch64-none/lib/python3.14/ast.py:46: ResourceWarning: unclosed database in <sqlite3.Connection object at 0x10ada18a0>
  return compile(source, filename, mode, flags,
ResourceWarning: Enable tracemalloc to get the object allocation traceback
/Users/aqiuye/.local/share/uv/python/cpython-3.14.4-macos-aarch64-none/lib/python3.14/ast.py:46: ResourceWarning: unclosed database in <sqlite3.Connection object at 0x10ada13f0>
  return compile(source, filename, mode, flags,
ResourceWarning: Enable tracemalloc to get the object allocation traceback
/Users/aqiuye/.local/share/uv/python/cpython-3.14.4-macos-aarch64-none/lib/python3.14/ast.py:46: ResourceWarning: unclosed database in <sqlite3.Connection object at 0x10ada3f10>
  return compile(source, filename, mode, flags,
ResourceWarning: Enable tracemalloc to get the object allocation traceback
/Users/aqiuye/.local/share/uv/python/cpython-3.14.4-macos-aarch64-none/lib/python3.14/ast.py:46: ResourceWarning: unclosed database in <sqlite3.Connection object at 0x10ada32e0>
  return compile(source, filename, mode, flags,
ResourceWarning: Enable tracemalloc to get the object allocation traceback
/Users/aqiuye/.local/share/uv/python/cpython-3.14.4-macos-aarch64-none/lib/python3.14/ast.py:46: ResourceWarning: unclosed database in <sqlite3.Connection object at 0x10ada3880>
  return compile(source, filename, mode, flags,
ResourceWarning: Enable tracemalloc to get the object allocation traceback
/Users/aqiuye/.local/share/uv/python/cpython-3.14.4-macos-aarch64-none/lib/python3.14/ast.py:46: ResourceWarning: unclosed database in <sqlite3.Connection object at 0x10ada3970>
  return compile(source, filename, mode, flags,
ResourceWarning: Enable tracemalloc to get the object allocation traceback
/Users/aqiuye/.local/share/uv/python/cpython-3.14.4-macos-aarch64-none/lib/python3.14/ast.py:46: ResourceWarning: unclosed database in <sqlite3.Connection object at 0x10ada3b50>
  return compile(source, filename, mode, flags,
ResourceWarning: Enable tracemalloc to get the object allocation traceback
/Users/aqiuye/.local/share/uv/python/cpython-3.14.4-macos-aarch64-none/lib/python3.14/ast.py:46: ResourceWarning: unclosed database in <sqlite3.Connection object at 0x10ada3790>
  return compile(source, filename, mode, flags,
ResourceWarning: Enable tracemalloc to get the object allocation traceback
/Users/aqiuye/.local/share/uv/python/cpython-3.14.4-macos-aarch64-none/lib/python3.14/ast.py:46: ResourceWarning: unclosed database in <sqlite3.Connection object at 0x10ada31f0>
  return compile(source, filename, mode, flags,
ResourceWarning: Enable tracemalloc to get the object allocation traceback
..............................2026-09-26T02:06:08 [INFO] wt_media_agent.runner.runner: executing task t-1 (type=demo_echo_task)
2026-09-26T02:06:08 [ERROR] wt_media_agent.runner.runner: task t-1 failed: the executor blew up
.2026-09-26T02:06:08 [ERROR] wt_media_agent.runner.runner: agent session invalidated; draining runner: revoked
.2026-09-26T02:06:08 [ERROR] wt_media_agent.runner.runner: a real error
.2026-09-26T02:06:08 [INFO] wt_media_agent.runner.runner: executing task t-1 (type=demo_echo_task)
2026-09-26T02:06:08 [ERROR] wt_media_agent.runner.runner: task t-1 result is uncertain after session invalidation: session revoked mid-task
.......no executor for task type cookie_read_task
..no executor for task type cookie_read_task
.agent session invalidated; draining runner: session invalid
.no packaged config directory found (looked at /private/var/folders/xb/3xygqqks7hxf3vpmc1s_z26h0000gn/T/tmp0q17mhya/WT Media.app/Contents/Resources/config and /private/var/folders/xb/3xygqqks7hxf3vpmc1s_z26h0000gn/T/tmp0q17mhya/WT Media.app/Contents/MacOS/config); using the built-in defaults
..........ignoring sensitive key runtime_token from the config file; credentials are environment-only
ignoring sensitive key cloud.password from the config file; credentials are environment-only
...................................2026-09-26T02:06:08 [INFO] wt_media_agent.somewhere: a development run writes this
.2026-09-26T02:06:08 [DEBUG] wt_media_agent.somewhere: verbose detail
..2026-09-26T02:06:08 [INFO] wt_media_agent.somewhere: hello from the agent
.2026-09-26T02:06:08 [INFO] wt_media_agent.somewhere: written through a new dir
.....2026-09-26T02:06:08 [ERROR] wt_media_agent.somewhere: failed
.2026-09-26T02:06:08 [ERROR] wt_media_agent.runner.runner: task t-1 failed: boom
.2026-09-26T02:06:08 [ERROR] wt_media_agent.somewhere: plain failure
.2026-09-26T02:06:08 [ERROR] wt_media_agent.somewhere: offline delivery failed
..2026-09-26T02:06:08 [ERROR] wt_media_agent.somewhere: plain failure
.2026-09-26T02:06:08 [ERROR] wt_media_agent.runner.runner: task t-1 failed: boom
.2026-09-26T02:06:08 [INFO] wt_media_agent.local_api.server: local_api.status.start
.2026-09-26T02:06:08 [INFO] wt_media_agent.runner_pool: not a task node
..2026-09-26T02:06:08 [INFO] wt_media_agent.somewhere: ordinary progress
.2026-09-26T02:06:08 [ERROR] wt_media_agent.somewhere: could not write the file
..2026-09-26T02:06:08 [INFO] wt_media_agent.runner.runner: executing task abc
.2026-09-26T02:06:08 [ERROR] wt_media_agent.somewhere: failed to write the file
Traceback (most recent call last):
  File "/Users/aqiuye/Develop/workspace/wt-media/wt-media-agent/tests/test_runtime_logging.py", line 342, in test_the_traceback_is_in_the_agent_log_and_not_the_error_log
    raise ValueError("the reason it failed")
ValueError: the reason it failed
.....................config-dir=/var/folders/xb/3xygqqks7hxf3vpmc1s_z26h0000gn/T/tmplrtazrvv/Contents/Resources/config files=2
config-file=README.md
config-file=agent.toml
wt-media-agent local API listening on 127.0.0.1:0
wt-media-agent local API stopped
...............................
----------------------------------------------------------------------
Ran 409 tests in 11.514s

OK
storage migration ok: 2 applied, 2 total
database /var/folders/xb/3xygqqks7hxf3vpmc1s_z26h0000gn/T/tmp985liteq/local-agent.sqlite3
applied 0001_base base
applied 0002_task_checkpoints task_checkpoints
storage migration ok: 2 applied, 2 total
database /var/folders/xb/3xygqqks7hxf3vpmc1s_z26h0000gn/T/tmpecnxyuyu/local-agent.sqlite3
applied 0001_base base
applied 0002_task_checkpoints task_checkpoints
storage migration ok: 2 applied, 2 total
database /tmp/wt-media-agent-m0-local/local-agent.sqlite3
applied 0001_base base
applied 0002_task_checkpoints task_checkpoints
storage migration ok: 0 applied, 2 total
database /tmp/wt-media-agent-m0-local/local-agent.sqlite3
Building source distribution...
  × Failed to build `/Users/aqiuye/Develop/workspace/wt-media/wt-media-agent`
  ├─▶ Failed to resolve requirements from `build-system.requires`
  ├─▶ No solution found when resolving: `hatchling`
  ├─▶ Request failed after 3 retries in 45.8s
  ├─▶ Failed to fetch: `https://pypi.org/simple/hatchling/`
  ├─▶ error sending request for url (https://pypi.org/simple/hatchling/)
  ├─▶ client error (Connect)
  ╰─▶ operation timed out
exit=2

NOTE: this run is red (exit=2) for an ENVIRONMENT reason, not a T-03 one.
  Order inside verify_m0_local.sh: workspace gates -> cloud (bootstrap/test/
  migrate/build) -> agent (bootstrap/test/migrate x2/build) -> desktop.
  - workspace block: OK (Ran 101 tests; three verify_*.py ok)
  - cloud block: ran through test.sh
  - agent block: tests OK (Ran 409 tests), migrations applied twice, then
    'uv build' failed to resolve 'hatchling' from PyPI (no network here).
  - desktop block: NEVER REACHED (it is the last step).
  So this file does not evidence the desktop block. That block was run
  directly: cd wt-media-desktop && scripts/test.sh -> exit=0
  (t03-desktop-test-sh.out, t03-clean-clone.out).
