# T-05 六门禁 + 套件 + skills 检查（**记录全部写完之后**复跑）
# 仓: wt-media-workspace  日期: 2026-09-26
# 清单唯一落点: AGENT-INDEX.md:199-206；套件为同一表第 7 行
# 调用: python3 -B -X pycache_prefix=/tmp/pyc-none（字面 token，不用未加引号的变量——T-04 踩过 zsh 不分词）

=== [1] scripts/verify_delivery_governance.py ===
archive readonly: scanned 12 script(s) under scripts/, 0 write(s) reaching delivery/completed/
archive boundary: checked delivery/completed/README.md, 1 boundary marker(s)
Delivery governance verification ok. Active CHG: CHG-20260926-067
exit=0

=== [2] scripts/verify_agent_entry.py ===
execution snapshot: 2048 characters (~819 tokens, budget 8000 characters)
rule-text duplication: compared 99 rule sentence(s) across 11 file(s) in 4 repositories
Agent entry verification ok. 0 warning(s) need review.
exit=0

=== [3] scripts/verify_skills.py ===
verified 10 skill source files
exit=0

=== [4] scripts/verify_m0_config.py ===
Workspace config verification ok
exit=0

=== [5] scripts/verify_product_master_alignment.py ===
Product and Master Plan alignment verification ok
exit=0

=== [6] scripts/verify_m2_acceptance.py ===
M2 static cross-repository acceptance matrix ok
NOTE: real MySQL and BitBrowser evidence must be recorded separately
exit=0

=== [7] -m unittest discover -s tests -q ===
----------------------------------------------------------------------
Ran 101 tests in 0.576s

OK
exit=0

=== [8] scripts/sync_skills.py check ===
skill outputs are up to date
exit=0

=== [9] 语法面：本 Task 改动的 Python 文件 ===
py_compile scripts/verify_m3_acceptance.py -> （无输出）
exit=0
