# T-07 四仓对账：HEAD / 工作树 / 改动路径逐条归属 §5
# 日期: 2026-09-26  锚: T-00 基线 workspace 71fd32f / cloud 0db02ab / agent 6d740fc / desktop 7c1b0ad

## HEAD 与工作树
```
wt-media-workspace HEAD 9cef13b（基线 71fd32f）  porcelain:  M .ai/CURRENT_CONTEXT.md| M delivery/LEDGER.md| M delivery/MASTER_IMPLEMENTATION_PLAN.md|RM delivery/active/CHG-20260926-067/change.md -> delivery/completed/CHG-20260926-067/change.md|RM delivery/active/CHG-20260926-067/checkpoint.md -> delivery/completed/CHG-20260926-067/checkpoint.md|R  delivery/active/CHG-20260926-067/evidence/artifacts/t00-gate-after.out -> delivery/completed/CHG-20260926-067/evidence/artifacts/t00-gate-after.out|R  delivery/active/CHG-20260926-067/evidence/artifacts/t00-gate-before.out -> delivery/completed/CHG-20260926-067/evidence/artifacts/t00-gate-before.out|R  delivery/active/CHG-20260926-067/evidence/artifacts/t00-record-size.out -> delivery/completed/CHG-20260926-067/evidence/artifacts/t00-record-size.out|R  delivery/active/CHG-20260926-067/evidence/artifacts/t00-repo-baseline.out -> delivery/completed/CHG-20260926-067/evidence/artifacts/t00-repo-baseline.out|R  delivery/active/CHG-20260926-067/evidence/artifacts/t00-script-inventory.out -> delivery/completed/CHG-20260926-067/evidence/artifacts/t00-script-inventory.out|R  delivery/active/CHG-20260926-067/evidence/artifacts/t00-status-words-after.out -> delivery/completed/CHG-20260926-067/evidence/artifacts/t00-status-words-after.out|R  delivery/active/CHG-20260926-067/evidence/artifacts/t00-status-words.out -> delivery/completed/CHG-20260926-067/evidence/artifacts/t00-status-words.out|R  delivery/active/CHG-20260926-067/evidence/artifacts/t01-control-status.out -> delivery/completed/CHG-20260926-067/evidence/artifacts/t01-control-status.out|R  delivery/active/CHG-20260926-067/evidence/artifacts/t01-gate-after.out -> delivery/completed/CHG-20260926-067/evidence/artifacts/t01-gate-after.out|R  delivery/active/CHG-20260926-067/evidence/artifacts/t01-gate-final.out -> delivery/completed/CHG-20260926-067/evidence/artifacts/t01-gate-final.out|R  delivery/active/CHG-20260926-067/evidence/artifacts/t01-record-size.out -> delivery/completed/CHG-20260926-067/evidence/artifacts/t01-record-size.out|R  delivery/active/CHG-20260926-067/evidence/artifacts/t01-scan-surface-arm-a.out -> delivery/completed/CHG-20260926-067/evidence/artifacts/t01-scan-surface-arm-a.out|R  delivery/active/CHG-20260926-067/evidence/artifacts/t01-scan-surface-arm-b.out -> delivery/completed/CHG-20260926-067/evidence/artifacts/t01-scan-surface-arm-b.out|R  delivery/active/CHG-20260926-067/evidence/artifacts/t01-test-control-mutations.out -> delivery/completed/CHG-20260926-067/evidence/artifacts/t01-test-control-mutations.out|R  delivery/active/CHG-20260926-067/evidence/artifacts/t02-gate-final.out -> delivery/completed/CHG-20260926-067/evidence/artifacts/t02-gate-final.out|R  delivery/active/CHG-20260926-067/evidence/artifacts/t02-m0-gate-arms.out -> delivery/completed/CHG-20260926-067/evidence/artifacts/t02-m0-gate-arms.out|R  delivery/active/CHG-20260926-067/evidence/artifacts/t02-record-size.out -> delivery/completed/CHG-20260926-067/evidence/artifacts/t02-record-size.out|R  delivery/active/CHG-20260926-067/evidence/artifacts/t03-clean-clone.out -> delivery/completed/CHG-20260926-067/evidence/artifacts/t03-clean-clone.out|R  delivery/active/CHG-20260926-067/evidence/artifacts/t03-deleted-name-sweep.out -> delivery/completed/CHG-20260926-067/evidence/artifacts/t03-deleted-name-sweep.out|R  delivery/active/CHG-20260926-067/evidence/artifacts/t03-desktop-control-arms.out -> delivery/completed/CHG-20260926-067/evidence/artifacts/t03-desktop-control-arms.out|R  delivery/active/CHG-20260926-067/evidence/artifacts/t03-desktop-test-sh.out -> delivery/completed/CHG-20260926-067/evidence/artifacts/t03-desktop-test-sh.out|R  delivery/active/CHG-20260926-067/evidence/artifacts/t03-doc-port-literals.out -> delivery/completed/CHG-20260926-067/evidence/artifacts/t03-doc-port-literals.out|R  delivery/active/CHG-20260926-067/evidence/artifacts/t03-gate-after.out -> delivery/completed/CHG-20260926-067/evidence/artifacts/t03-gate-after.out|R  delivery/active/CHG-20260926-067/evidence/artifacts/t03-gate-final.out -> delivery/completed/CHG-20260926-067/evidence/artifacts/t03-gate-final.out|R  delivery/active/CHG-20260926-067/evidence/artifacts/t03-m0-local.out -> delivery/completed/CHG-20260926-067/evidence/artifacts/t03-m0-local.out|R  delivery/active/CHG-20260926-067/evidence/artifacts/t03-record-size.out -> delivery/completed/CHG-20260926-067/evidence/artifacts/t03-record-size.out|R  delivery/active/CHG-20260926-067/evidence/artifacts/t04-cloud-control-arms.out -> delivery/completed/CHG-20260926-067/evidence/artifacts/t04-cloud-control-arms.out|R  delivery/active/CHG-20260926-067/evidence/artifacts/t04-cloud-sweep.out -> delivery/completed/CHG-20260926-067/evidence/artifacts/t04-cloud-sweep.out|R  delivery/active/CHG-20260926-067/evidence/artifacts/t04-gate-after.out -> delivery/completed/CHG-20260926-067/evidence/artifacts/t04-gate-after.out|R  delivery/active/CHG-20260926-067/evidence/artifacts/t04-gate-final.out -> delivery/completed/CHG-20260926-067/evidence/artifacts/t04-gate-final.out|R  delivery/active/CHG-20260926-067/evidence/artifacts/t04-record-size.out -> delivery/completed/CHG-20260926-067/evidence/artifacts/t04-record-size.out|R  delivery/active/CHG-20260926-067/evidence/artifacts/t05-gate-final.out -> delivery/completed/CHG-20260926-067/evidence/artifacts/t05-gate-final.out|R  delivery/active/CHG-20260926-067/evidence/artifacts/t05-pointer-sweep.out -> delivery/completed/CHG-20260926-067/evidence/artifacts/t05-pointer-sweep.out|R  delivery/active/CHG-20260926-067/evidence/artifacts/t05-record-size.out -> delivery/completed/CHG-20260926-067/evidence/artifacts/t05-record-size.out|R  delivery/active/CHG-20260926-067/evidence/artifacts/t05-test-control.out -> delivery/completed/CHG-20260926-067/evidence/artifacts/t05-test-control.out|R  delivery/active/CHG-20260926-067/evidence/artifacts/t06-control-arms.out -> delivery/completed/CHG-20260926-067/evidence/artifacts/t06-control-arms.out|R  delivery/active/CHG-20260926-067/evidence/artifacts/t06-doc-port-literals.out -> delivery/completed/CHG-20260926-067/evidence/artifacts/t06-doc-port-literals.out|R  delivery/active/CHG-20260926-067/evidence/artifacts/t06-gate-final.out -> delivery/completed/CHG-20260926-067/evidence/artifacts/t06-gate-final.out|R  delivery/active/CHG-20260926-067/evidence/artifacts/t06-pointer-sweep.out -> delivery/completed/CHG-20260926-067/evidence/artifacts/t06-pointer-sweep.out|R  delivery/active/CHG-20260926-067/evidence/artifacts/t06-record-size.out -> delivery/completed/CHG-20260926-067/evidence/artifacts/t06-record-size.out|R  delivery/active/CHG-20260926-067/evidence/task-00-activation.md -> delivery/completed/CHG-20260926-067/evidence/task-00-activation.md|R  delivery/active/CHG-20260926-067/evidence/task-01-workspace-layout.md -> delivery/completed/CHG-20260926-067/evidence/task-01-workspace-layout.md|R  delivery/active/CHG-20260926-067/evidence/task-02-m0-gate-preamble.md -> delivery/completed/CHG-20260926-067/evidence/task-02-m0-gate-preamble.md|R  delivery/active/CHG-20260926-067/evidence/task-03-desktop-layout.md -> delivery/completed/CHG-20260926-067/evidence/task-03-desktop-layout.md|R  delivery/active/CHG-20260926-067/evidence/task-04-cloud-layout.md -> delivery/completed/CHG-20260926-067/evidence/task-04-cloud-layout.md|R  delivery/active/CHG-20260926-067/evidence/task-05-workspace-repoint.md -> delivery/completed/CHG-20260926-067/evidence/task-05-workspace-repoint.md|R  delivery/active/CHG-20260926-067/evidence/task-06-agent-layout.md -> delivery/completed/CHG-20260926-067/evidence/task-06-agent-layout.md|?? delivery/completed/CHG-20260926-067/evidence/artifacts/t07-ac-matrix.out|?? delivery/completed/CHG-20260926-067/evidence/artifacts/t07-repo-reconcile.out|?? delivery/completed/CHG-20260926-067/evidence/artifacts/t07-status-words.out|?? delivery/completed/CHG-20260926-067/evidence/artifacts/t07-sweep.out|
wt-media-cloud     HEAD e2ba4d8（基线 0db02ab）  porcelain: ?? dump.rdb|
wt-media-agent     HEAD aa95332（基线 6d740fc）  porcelain:  M AGENT-INDEX.md|
wt-media-desktop   HEAD 9ba5486（基线 7c1b0ad）  porcelain: 
```
两条脏项**先于本 CHG 存在，全程未触碰**（§14 第 1 项）：
- `wt-media-agent`: ` M AGENT-INDEX.md`（未提交删除，发生在 CHG-065 提交 `6d740fc` 之后）
- `wt-media-cloud`: `?? dump.rdb`（未跟踪）
⇒ **归因声明**：agent 仓的套件读数（`Ran 409 / OK`）是**脏工作树上的绿**，不是干净提交上的绿。

## 本次改动路径逐条归属 §5
```
--- wt-media-workspace
   M	.ai/CURRENT_CONTEXT.md
   M	AGENT-INDEX.md
   A	bin/control.sh
   M	delivery/LEDGER.md
   M	delivery/MASTER_IMPLEMENTATION_PLAN.md
   A	delivery/active/CHG-20260926-067/change.md
   A	delivery/active/CHG-20260926-067/checkpoint.md
   A	delivery/active/CHG-20260926-067/evidence/artifacts/t00-gate-after.out
   A	delivery/active/CHG-20260926-067/evidence/artifacts/t00-gate-before.out
   A	delivery/active/CHG-20260926-067/evidence/artifacts/t00-record-size.out
   A	delivery/active/CHG-20260926-067/evidence/artifacts/t00-repo-baseline.out
   A	delivery/active/CHG-20260926-067/evidence/artifacts/t00-script-inventory.out
   A	delivery/active/CHG-20260926-067/evidence/artifacts/t00-status-words-after.out
   A	delivery/active/CHG-20260926-067/evidence/artifacts/t00-status-words.out
   A	delivery/active/CHG-20260926-067/evidence/artifacts/t01-control-status.out
   A	delivery/active/CHG-20260926-067/evidence/artifacts/t01-gate-after.out
   A	delivery/active/CHG-20260926-067/evidence/artifacts/t01-gate-final.out
   A	delivery/active/CHG-20260926-067/evidence/artifacts/t01-record-size.out
   A	delivery/active/CHG-20260926-067/evidence/artifacts/t01-scan-surface-arm-a.out
   A	delivery/active/CHG-20260926-067/evidence/artifacts/t01-scan-surface-arm-b.out
   A	delivery/active/CHG-20260926-067/evidence/artifacts/t01-test-control-mutations.out
   A	delivery/active/CHG-20260926-067/evidence/artifacts/t02-gate-final.out
   A	delivery/active/CHG-20260926-067/evidence/artifacts/t02-m0-gate-arms.out
   A	delivery/active/CHG-20260926-067/evidence/artifacts/t02-record-size.out
   A	delivery/active/CHG-20260926-067/evidence/artifacts/t03-clean-clone.out
   A	delivery/active/CHG-20260926-067/evidence/artifacts/t03-deleted-name-sweep.out
   A	delivery/active/CHG-20260926-067/evidence/artifacts/t03-desktop-control-arms.out
   A	delivery/active/CHG-20260926-067/evidence/artifacts/t03-desktop-test-sh.out
   A	delivery/active/CHG-20260926-067/evidence/artifacts/t03-doc-port-literals.out
   A	delivery/active/CHG-20260926-067/evidence/artifacts/t03-gate-after.out
   A	delivery/active/CHG-20260926-067/evidence/artifacts/t03-gate-final.out
   A	delivery/active/CHG-20260926-067/evidence/artifacts/t03-m0-local.out
   A	delivery/active/CHG-20260926-067/evidence/artifacts/t03-record-size.out
   A	delivery/active/CHG-20260926-067/evidence/artifacts/t04-cloud-control-arms.out
   A	delivery/active/CHG-20260926-067/evidence/artifacts/t04-cloud-sweep.out
   A	delivery/active/CHG-20260926-067/evidence/artifacts/t04-gate-after.out
   A	delivery/active/CHG-20260926-067/evidence/artifacts/t04-gate-final.out
   A	delivery/active/CHG-20260926-067/evidence/artifacts/t04-record-size.out
   A	delivery/active/CHG-20260926-067/evidence/artifacts/t05-gate-final.out
   A	delivery/active/CHG-20260926-067/evidence/artifacts/t05-pointer-sweep.out
   A	delivery/active/CHG-20260926-067/evidence/artifacts/t05-record-size.out
   A	delivery/active/CHG-20260926-067/evidence/artifacts/t05-test-control.out
   A	delivery/active/CHG-20260926-067/evidence/artifacts/t06-control-arms.out
   A	delivery/active/CHG-20260926-067/evidence/artifacts/t06-doc-port-literals.out
   A	delivery/active/CHG-20260926-067/evidence/artifacts/t06-gate-final.out
   A	delivery/active/CHG-20260926-067/evidence/artifacts/t06-pointer-sweep.out
   A	delivery/active/CHG-20260926-067/evidence/artifacts/t06-record-size.out
   A	delivery/active/CHG-20260926-067/evidence/task-00-activation.md
   A	delivery/active/CHG-20260926-067/evidence/task-01-workspace-layout.md
   A	delivery/active/CHG-20260926-067/evidence/task-02-m0-gate-preamble.md
   A	delivery/active/CHG-20260926-067/evidence/task-03-desktop-layout.md
   A	delivery/active/CHG-20260926-067/evidence/task-04-cloud-layout.md
   A	delivery/active/CHG-20260926-067/evidence/task-05-workspace-repoint.md
   A	delivery/active/CHG-20260926-067/evidence/task-06-agent-layout.md
   A	scripts/README.md
   A	scripts/dev/.gitkeep
   D	scripts/local-control.sh
   M	scripts/m2b_local_acceptance.py
   A	scripts/test-control.sh
   D	scripts/test-local-control.sh
   A	scripts/verify/.gitkeep
   M	scripts/verify_delivery_governance.py
   M	scripts/verify_m0_config.py
   M	scripts/verify_m0_local.sh
   M	scripts/verify_m3_acceptance.py
   M	tests/test_verify_delivery_governance.py
--- wt-media-cloud
   M	.gitignore
   M	DIRECTORY_MAP.md
   M	README.md
   A	bin/control.sh
   M	scripts/README.md
   A	scripts/dev/.gitkeep
   D	scripts/health.sh
   D	scripts/start.sh
   D	scripts/stop.sh
   A	scripts/verify/.gitkeep
--- wt-media-agent
   M	DIRECTORY_MAP.md
   M	README.md
   A	bin/control.sh
   M	config_online/README.md
   M	scripts/README.md
   A	scripts/dev/.gitkeep
   D	scripts/health.sh
   D	scripts/start-health.sh
   D	scripts/stop-health.sh
   A	scripts/verify/.gitkeep
   M	src/wt_media_agent/local_api/server.py
   M	tests/test_local_api_server.py
   M	tests/test_runtime_config.py
--- wt-media-desktop
   M	.github/workflows/m0-desktop.yml
   M	.gitignore
   M	DIRECTORY_MAP.md
   M	README.md
   A	bin/control.sh
   M	scripts/README.md
   D	scripts/bootstrap.sh
   D	scripts/build.sh
   D	scripts/dev.sh
   A	scripts/dev/.gitkeep
   D	scripts/health-check.mjs
   D	scripts/health-dev.mjs
   D	scripts/health.sh
   D	scripts/start-dev.mjs
   D	scripts/start.sh
   D	scripts/stop-dev.mjs
   D	scripts/stop.sh
   M	scripts/test.sh
   D	scripts/verify-real-scripts.mjs
   A	scripts/verify/.gitkeep
```
归属判读（逐类）：
- **workspace**：`bin/control.sh`（新，§5 Add）／`scripts/test-control.sh`（rename，§5 Modify）／
  `scripts/dev/`＋`scripts/verify/`（各 `.gitkeep`，§5 Add）／`scripts/README.md`（§5 Modify）／
  `verify_delivery_governance.py`＋`verify_m0_config.py`＋`verify_m0_local.sh`＋`verify_m3_acceptance.py`（§5 Modify）／
  `m2b_local_acceptance.py`（§5 Modify）／`AGENT-INDEX.md`（§5 Modify 的指针行）／
  `.ai/CURRENT_CONTEXT.md`（生成物，T-00 与 T-07 各重生成一次）／`delivery/**`（本 CHG 自己的记录）。
  **越界 0。**
- **cloud**：`bin/control.sh`（Add）／`.gitignore`（Modify）／删三脚本（Delete）／
  `README.md`＋`DIRECTORY_MAP.md`＋`scripts/README.md`（Modify）／`scripts/dev/`＋`scripts/verify/`（Add）。**越界 0。**
- **agent**：`bin/control.sh`（Add）／删三脚本（Delete）／`scripts/dev/`＋`scripts/verify/`（Add）／
  `README.md`＋`config_online/README.md`＋`scripts/README.md`＋`DIRECTORY_MAP.md`（Modify）／
  `src/wt_media_agent/local_api/server.py`（**注释串**，§5 Modify 已列）／
  `tests/test_local_api_server.py`＋`tests/test_runtime_config.py`（同上）。**越界 0。**
- **desktop**：`.github/workflows/m0-desktop.yml`（Modify）／`.gitignore`（Modify）／
  `bin/control.sh`（Add）／删 11 个死脚本（Delete）／`scripts/test.sh`（Modify）／
  `scripts/dev/`＋`scripts/verify/`（Add）／`README.md`＋`DIRECTORY_MAP.md`＋`scripts/README.md`（Modify）。**越界 0。**

## 运行仓被触碰的合规性
`AGENT-INDEX.md` §5 与 `agent-workspace-conventions.md` §11 要求：运行仓只在 §5 列出时被改，且**跨仓各自提交**。
```
   cloud   e2ba4d8 feat(chg-067): T-04 cloud 脚本层分层——bin/control.sh 合并启停与健康
   agent   aa95332 feat(chg-067): T-06 脚本层分层——bin/control.sh 立此，三脚本并入，端口字面量去值
   desktop 9ba5486 feat(chg-067): T-03 desktop 脚本层分层——删 11 死脚本、CI 转 Rust-only、新建 bin/control.sh
   workspace 7 个提交
   workspace 9cef13b feat(chg-067): T-06 记录——agent 脚本层分层，含计划两处漏项与一条判据覆盖缺口
   workspace 627086b feat(chg-067): T-05 workspace 回指收口——跨仓红窗关闭，并回改 T-04 一处假阴性
   workspace cf148af feat(chg-067): T-04 记录——cloud 脚本层分层，含一处自造缺陷与两处自踩工具坑
   workspace 6dfe32b feat(chg-067): T-03 记录——desktop 脚本层分层落地，含一处自造缺陷与三处如实登记
   workspace ec3032e feat(chg-067): T-02 M0 门禁前置——desktop needle 收敛到 Rust-only 终态
   workspace 214d65a feat(chg-067): T-01 workspace 脚本层分层——bin/control.sh 立此，扫描面改递归
   workspace 30891c8 docs(chg-067): T-00 激活——四仓脚本层分层立此，范围封闭
```
⇒ 三仓各**恰一个**提交（本 CHG 对每仓只做一次改动，符合「一个 Task 一提交、跨仓各自提交」）；
workspace 侧按 Task 分提交（T-00…T-05 已落，T-06／T-07 为本次）。
