# T-07 记录体量收尾读数
# 判据（沿用 CHG-065/066 v5，按 Task 增量）:
#   change.md 增量 <= 5120 B / Task ; checkpoint.md <= 4096 B ; evidence md <= 9216 B / Task
# 量法: 上一 Task 提交后的 blob 字节数 vs 工作树当前字节数（非 HEAD 比对、非行数）
# 基线锚: 提交 9cef13b（T-06 的记录提交）
# 取值时刻: 三份 md 的最后一次改动之后；本文件是最后一个被写的

change.md                           44516 ->  51555    +7039   界  5120  BREACH
checkpoint.md                       18751 ->  22802    +4051   界  4096  OK
evidence/task-07-close-out.md          -            8123    +8123   界  9216  OK

## 判读
# 1. change.md 越界 +7039（＋36%）。首测 +7935，做了一轮**只删复述、不删读数**的压缩
#    （DONE Gate 九项与 AC 各格的解释性措辞改指 §10／§5 的对应读数），未删任何读数/路径/commit id。
#    残留越界如实上报、不强压 —— 同 CHG-066 t03-record-size.out 的先例（+5740、越界 +12%）。
# 2. 与 T-00 的越界不同类: T-00 是「一次写完整份计划」的结构性越界；本项是收尾 Task 的签字手续本身
#    （11 条 AC 读数 ＋ 9 项 DONE Gate ＋ 归档动作）。CHG-066 的收尾 Task **未量自身增量**，
#    故本项是该量法的首次实测。
# 3. 三个受约束的量都**不含本文件**（本文件在 artifacts/ 下），故对本文件的改写免疫；
#    故不另报「artifacts 合计」这一行 —— 它含不含自己都会随本文件的写法变动，是自指量。
# 4. 三处文中所写的数字（change.md §14 第 29 项、checkpoint.md 对应行、evidence md §7 的表）
#    均已与本文件对齐；对齐用的是**等长替换**，故改文字本身不再改变这三个读数。
