        Info Looking up installed tauri packages to check mismatched versions...
     Running beforeBuildCommand `bash scripts/prepare-release-sidecar.sh && bash ../wt-media-workspace/scripts/build-desktop.sh`
/Users/aqiuye/.local/share/uv/python/cpython-3.14.4-macos-aarch64-none/lib/libpython3.14.dylib: replacing existing signature
67 INFO: PyInstaller: 6.22.2, contrib hooks: 2026.7
67 INFO: Python: 3.14.4
85 INFO: Platform: macOS-26.4.1-arm64-arm-64bit-Mach-O
85 INFO: Python environment: /Users/aqiuye/Develop/workspace/wt-media/wt-media-agent/.venv
86 INFO: wrote /var/folders/xb/3xygqqks7hxf3vpmc1s_z26h0000gn/T/wt-media-agent-sidecar-ap6m7oqh/spec/wt-media-agent-aarch64-apple-darwin.spec
91 INFO: Removing temporary files and cleaning cache in /Users/aqiuye/Library/Application Support/pyinstaller
97 INFO: Module search paths (PYTHONPATH):
['/Users/aqiuye/Develop/workspace/wt-media/wt-media-desktop',
 '/Users/aqiuye/.local/share/uv/python/cpython-3.14.4-macos-aarch64-none/lib/python314.zip',
 '/Users/aqiuye/.local/share/uv/python/cpython-3.14.4-macos-aarch64-none/lib/python3.14',
 '/Users/aqiuye/.local/share/uv/python/cpython-3.14.4-macos-aarch64-none/lib/python3.14/lib-dynload',
 '/Users/aqiuye/Develop/workspace/wt-media/wt-media-agent/.venv/lib/python3.14/site-packages',
 '/Users/aqiuye/Develop/workspace/wt-media/wt-media-agent/src',
 '/Users/aqiuye/Develop/workspace/wt-media/wt-media-agent/src']
210 INFO: checking Analysis
210 INFO: Building Analysis because Analysis-00.toc is non existent
210 INFO: Looking for Python shared library...
214 INFO: Using Python shared library: /Users/aqiuye/.local/share/uv/python/cpython-3.14.4-macos-aarch64-none/lib/libpython3.14.dylib
214 INFO: Running Analysis Analysis-00.toc
214 INFO: Target bytecode optimization level: 0
214 INFO: Initializing module dependency graph...
215 INFO: Initializing module graph hook caches...
225 INFO: Analyzing modules for base_library.zip ...
665 INFO: Processing standard module hook 'hook-math.py' from '/Users/aqiuye/Develop/workspace/wt-media/wt-media-agent/.venv/lib/python3.14/site-packages/PyInstaller/hooks'
1154 INFO: Processing standard module hook 'hook-encodings.py' from '/Users/aqiuye/Develop/workspace/wt-media/wt-media-agent/.venv/lib/python3.14/site-packages/PyInstaller/hooks'
1347 INFO: Processing standard module hook 'hook-pickle.py' from '/Users/aqiuye/Develop/workspace/wt-media/wt-media-agent/.venv/lib/python3.14/site-packages/PyInstaller/hooks'
3125 INFO: Processing standard module hook 'hook-difflib.py' from '/Users/aqiuye/Develop/workspace/wt-media/wt-media-agent/.venv/lib/python3.14/site-packages/PyInstaller/hooks'
3135 INFO: Processing standard module hook 'hook-heapq.py' from '/Users/aqiuye/Develop/workspace/wt-media/wt-media-agent/.venv/lib/python3.14/site-packages/PyInstaller/hooks'
3506 INFO: Caching module dependency graph...
3523 INFO: Analyzing /Users/aqiuye/Develop/workspace/wt-media/wt-media-agent/src/wt_media_agent/sidecar_main.py
3609 INFO: Processing standard module hook 'hook-sqlite3.py' from '/Users/aqiuye/Develop/workspace/wt-media/wt-media-agent/.venv/lib/python3.14/site-packages/PyInstaller/hooks'
3949 INFO: Processing standard module hook 'hook-multiprocessing.util.py' from '/Users/aqiuye/Develop/workspace/wt-media/wt-media-agent/.venv/lib/python3.14/site-packages/PyInstaller/hooks'
4025 INFO: Processing standard module hook 'hook-xml.py' from '/Users/aqiuye/Develop/workspace/wt-media/wt-media-agent/.venv/lib/python3.14/site-packages/PyInstaller/hooks'
4225 INFO: Processing standard module hook 'hook-sysconfig.py' from '/Users/aqiuye/Develop/workspace/wt-media/wt-media-agent/.venv/lib/python3.14/site-packages/PyInstaller/hooks'
4235 INFO: Processing standard module hook 'hook-_osx_support.py' from '/Users/aqiuye/Develop/workspace/wt-media/wt-media-agent/.venv/lib/python3.14/site-packages/PyInstaller/hooks'
4239 INFO: Processing standard module hook 'hook-_ctypes.py' from '/Users/aqiuye/Develop/workspace/wt-media/wt-media-agent/.venv/lib/python3.14/site-packages/PyInstaller/hooks'
4389 INFO: Processing standard module hook 'hook-platform.py' from '/Users/aqiuye/Develop/workspace/wt-media/wt-media-agent/.venv/lib/python3.14/site-packages/PyInstaller/hooks'
4430 INFO: Processing module hooks (post-graph stage)...
4506 INFO: Performing binary vs. data reclassification (1 entries)
4512 INFO: Looking for ctypes DLLs
4521 INFO: Analyzing run-time hooks ...
4522 INFO: Including run-time hook 'pyi_rth_inspect.py' from '/Users/aqiuye/Develop/workspace/wt-media/wt-media-agent/.venv/lib/python3.14/site-packages/PyInstaller/hooks/rthooks'
4526 INFO: Including run-time hook 'pyi_rth_pkgutil.py' from '/Users/aqiuye/Develop/workspace/wt-media/wt-media-agent/.venv/lib/python3.14/site-packages/PyInstaller/hooks/rthooks'
4527 INFO: Including run-time hook 'pyi_rth_multiprocessing.py' from '/Users/aqiuye/Develop/workspace/wt-media/wt-media-agent/.venv/lib/python3.14/site-packages/PyInstaller/hooks/rthooks'
4531 INFO: Creating base_library.zip...
4543 INFO: Looking for dynamic libraries
4550 INFO: Warnings written to /var/folders/xb/3xygqqks7hxf3vpmc1s_z26h0000gn/T/wt-media-agent-sidecar-ap6m7oqh/work/wt-media-agent-aarch64-apple-darwin/warn-wt-media-agent-aarch64-apple-darwin.txt
4557 INFO: Graph cross-reference written to /var/folders/xb/3xygqqks7hxf3vpmc1s_z26h0000gn/T/wt-media-agent-sidecar-ap6m7oqh/work/wt-media-agent-aarch64-apple-darwin/xref-wt-media-agent-aarch64-apple-darwin.html
4571 INFO: checking PYZ
4571 INFO: Building PYZ because PYZ-00.toc is non existent
4571 INFO: Building PYZ (ZlibArchive) /var/folders/xb/3xygqqks7hxf3vpmc1s_z26h0000gn/T/wt-media-agent-sidecar-ap6m7oqh/work/wt-media-agent-aarch64-apple-darwin/PYZ-00.pyz
4783 INFO: Building PYZ (ZlibArchive) /var/folders/xb/3xygqqks7hxf3vpmc1s_z26h0000gn/T/wt-media-agent-sidecar-ap6m7oqh/work/wt-media-agent-aarch64-apple-darwin/PYZ-00.pyz completed successfully.
4786 INFO: EXE target arch: arm64
4786 INFO: Code signing identity: -
4788 INFO: checking PKG
4788 INFO: Building PKG because PKG-00.toc is non existent
4788 INFO: Building PKG (CArchive) wt-media-agent-aarch64-apple-darwin.pkg
6616 INFO: Building PKG (CArchive) wt-media-agent-aarch64-apple-darwin.pkg completed successfully.
6617 INFO: Bootloader /Users/aqiuye/Develop/workspace/wt-media/wt-media-agent/.venv/lib/python3.14/site-packages/PyInstaller/bootloader/Darwin-64bit/run
6617 INFO: checking EXE
6617 INFO: Building EXE because EXE-00.toc is non existent
6617 INFO: Building EXE from EXE-00.toc
6617 INFO: Copying bootloader EXE to /var/folders/xb/3xygqqks7hxf3vpmc1s_z26h0000gn/T/wt-media-agent-sidecar-ap6m7oqh/dist/wt-media-agent-aarch64-apple-darwin
6618 INFO: Converting EXE to target arch (arm64)
6634 INFO: Removing signature(s) from EXE
6651 INFO: Modifying Mach-O image UUID(s) in EXE
6658 INFO: Appending PKG archive to EXE
6670 INFO: Fixing EXE headers for code signing
6681 INFO: Rewriting the executable's macOS SDK version (26.2.0) to match the SDK version of the Python library (15.5.0) in order to avoid inconsistent behavior and potential UI issues in the frozen application.
6682 INFO: Re-signing the EXE
6717 INFO: Building EXE from EXE-00.toc completed successfully.
6718 INFO: Build complete! The results are available in: /var/folders/xb/3xygqqks7hxf3vpmc1s_z26h0000gn/T/wt-media-agent-sidecar-ap6m7oqh/dist
/Users/aqiuye/Develop/workspace/wt-media/wt-media-desktop/src-tauri/binaries/wt-media-agent-aarch64-apple-darwin
=== 1. 清理旧的构建产物 ===
=== 2. 构建 Desktop 前端 ===

> wt-media-cloud-web@0.1.0 build:desktop
> vite build --config vite.config.desktop.js

vite v7.3.6 building client environment for production...
transforming...
✓ 3900 modules transformed.
rendering chunks...
[plugin vite:reporter] 
(!) /Users/aqiuye/Develop/workspace/wt-media/wt-media-cloud/web/src/shared/api/session.js is dynamically imported by /Users/aqiuye/Develop/workspace/wt-media/wt-media-cloud/web/src/apps/desktop/main.ts but also statically imported by /Users/aqiuye/Develop/workspace/wt-media/wt-media-cloud/web/src/apps/desktop/features/local-agent/init.js, /Users/aqiuye/Develop/workspace/wt-media/wt-media-cloud/web/src/layout/AppLayout.vue, /Users/aqiuye/Develop/workspace/wt-media/wt-media-cloud/web/src/modules/accounts/pages/AccountsPage.vue, /Users/aqiuye/Develop/workspace/wt-media/wt-media-cloud/web/src/modules/auth/pages/LoginPage.vue, /Users/aqiuye/Develop/workspace/wt-media/wt-media-cloud/web/src/modules/contentpool/pages/ContentPoolPage.vue, /Users/aqiuye/Develop/workspace/wt-media/wt-media-cloud/web/src/modules/dashboard/pages/DashboardPage.vue, /Users/aqiuye/Develop/workspace/wt-media/wt-media-cloud/web/src/modules/profiles/pages/ProfilesPage.vue, dynamic import will not move module into another chunk.

computing gzip size...
dist-desktop/index.desktop.html                               1.09 kB │ gzip:   0.77 kB
dist-desktop/assets/AccountOpeningPage-BlgSKrNz.css           0.08 kB │ gzip:   0.09 kB
dist-desktop/assets/AgentStatusPage-D24QuPIb.css              0.11 kB │ gzip:   0.10 kB
dist-desktop/assets/ProxyPage-BLtc3Hbz.css                    0.36 kB │ gzip:   0.23 kB
dist-desktop/assets/BusinessStatus-BYFYFR0u.css               0.37 kB │ gzip:   0.23 kB
dist-desktop/assets/datetime-DSZlXWe3.css                     0.39 kB │ gzip:   0.22 kB
dist-desktop/assets/KeywordTags-gDQNaVaz.css                  0.62 kB │ gzip:   0.26 kB
dist-desktop/assets/ProfilesPage-gaF7YYSr.css                 0.65 kB │ gzip:   0.31 kB
dist-desktop/assets/LocalSettingsPage-DY4MZoHX.css            0.68 kB │ gzip:   0.31 kB
dist-desktop/assets/LoginPage-B-R-I8fg.css                    0.93 kB │ gzip:   0.37 kB
dist-desktop/assets/ResourceStatGrid-Bx2YkAbe.css             0.99 kB │ gzip:   0.43 kB
dist-desktop/assets/ResourceStatusBadge-XGxQCA9k.css          1.45 kB │ gzip:   0.54 kB
dist-desktop/assets/LocalLogsPage-DqCfuxoR.css                1.96 kB │ gzip:   0.67 kB
dist-desktop/assets/AppLayout-Csmd1rYz.css                    3.68 kB │ gzip:   1.11 kB
dist-desktop/assets/CrawlTasksPage-DvvH_M2Y.css               3.87 kB │ gzip:   0.90 kB
dist-desktop/assets/DiscoveryStrategiesPage-B_tK6ZUc.css      4.36 kB │ gzip:   0.92 kB
dist-desktop/assets/AccountsPage-T7Eyz--R.css                 5.06 kB │ gzip:   1.25 kB
dist-desktop/assets/ContentPoolPage-DDGBB1g0.css              7.32 kB │ gzip:   1.55 kB
dist-desktop/assets/index-o03HRtYg.css                      451.76 kB │ gzip:  52.23 kB
dist-desktop/assets/ComingSoon-Bj_akSRB.js                    0.35 kB │ gzip:   0.30 kB
dist-desktop/assets/ResourceStatGrid-B-m53Cdy.js              0.58 kB │ gzip:   0.41 kB
dist-desktop/assets/ResourceStatusBadge-DO_9epxH.js           1.02 kB │ gzip:   0.54 kB
dist-desktop/assets/usersApi-Bjt8SB-W.js                      1.42 kB │ gzip:   0.62 kB
dist-desktop/assets/proxy-kEUZXZXh.js                         1.47 kB │ gzip:   0.53 kB
dist-desktop/assets/datetime-BmhvIe5t.js                      1.70 kB │ gzip:   0.76 kB
dist-desktop/assets/BusinessStatus-HOH9r49M.js                1.96 kB │ gzip:   0.83 kB
dist-desktop/assets/DashboardPage-Bs9G8P3o.js                 2.28 kB │ gzip:   1.03 kB
dist-desktop/assets/KeywordTags-CdgcFPlC.js                   2.69 kB │ gzip:   1.39 kB
dist-desktop/assets/AgentStatusPage-D1OqXuq8.js               2.77 kB │ gzip:   1.22 kB
dist-desktop/assets/mediaAccounts-B8hj5p0P.js                 2.94 kB │ gzip:   1.02 kB
dist-desktop/assets/LoginPage-CekRfUwK.js                     3.47 kB │ gzip:   1.64 kB
dist-desktop/assets/TasksPage-BaTc5AC8.js                     3.55 kB │ gzip:   1.68 kB
dist-desktop/assets/AppLayout-NGAVq3ko.js                     5.57 kB │ gzip:   2.49 kB
dist-desktop/assets/AccountOpeningPage-C0jab0tt.js            5.83 kB │ gzip:   2.29 kB
dist-desktop/assets/LocalSettingsPage-gYyVkDYr.js             6.36 kB │ gzip:   2.75 kB
dist-desktop/assets/LocalLogsPage-d7LcNePf.js                 7.08 kB │ gzip:   3.08 kB
dist-desktop/assets/local-settings-view-Dal1dchO.js           7.66 kB │ gzip:   2.90 kB
dist-desktop/assets/CrawlTasksPage-Cl4FhfSB.js               16.08 kB │ gzip:   5.49 kB
dist-desktop/assets/DiscoveryStrategiesPage-FOmrsfD5.js      22.23 kB │ gzip:   6.89 kB
dist-desktop/assets/ProxyPage-CSl59kIq.js                    22.52 kB │ gzip:   6.92 kB
dist-desktop/assets/ContentPoolPage-D8gh9B3K.js              30.95 kB │ gzip:   9.19 kB
dist-desktop/assets/AccountsPage-CbaUnj8v.js                 38.68 kB │ gzip:  11.76 kB
dist-desktop/assets/ProfilesPage-DSwKlf5N.js                 41.95 kB │ gzip:  11.87 kB
dist-desktop/assets/index.desktop-BDgQLqf2.js             1,389.13 kB │ gzip: 377.04 kB

(!) Some chunks are larger than 500 kB after minification. Consider:
- Using dynamic import() to code-split the application
- Use build.rollupOptions.output.manualChunks to improve chunking: https://rollupjs.org/configuration-options/#output-manualchunks
- Adjust chunk size limit for this warning via build.chunkSizeWarningLimit.
✓ built in 9.21s
=== 3. 复制构建产物到 Desktop ===
=== 4. 记录前端构建版本 ===
stamped=/Users/aqiuye/Develop/workspace/wt-media/wt-media-workspace/scripts/../../wt-media-desktop/.generated/frontend/frontend-build.json version=0.1.0+f21bbcb files=47 digest=74d4b003a74a1d334b66d4e3359677f7617e11557f45e80cce09dc860b54a541
=== 5. 验证 ===
  Desktop 前端文件数:       48
  index.html:     1093 bytes

=== Desktop 前端构建完成 ===
  运行 cd /Users/aqiuye/Develop/workspace/wt-media/wt-media-workspace/scripts/../../wt-media-desktop && cargo tauri build 以打包
   Compiling rustix v1.1.4
   Compiling wt-media-desktop-shell v0.1.0 (/Users/aqiuye/Develop/workspace/wt-media/wt-media-desktop/src-tauri)
   Compiling tempfile v3.27.0
   Compiling native-tls v0.2.18
   Compiling tokio-native-tls v0.3.1
   Compiling hyper-tls v0.6.0
   Compiling reqwest v0.12.28
warning: struct `FileSystemBridge` is never constructed
 --> src-tauri/src/filesystem/mod.rs:3:12
  |
3 | pub struct FileSystemBridge;
  |            ^^^^^^^^^^^^^^^^
  |
  = note: `#[warn(dead_code)]` (part of `#[warn(unused)]`) on by default

warning: constant `DEFAULT_RETENTION_DAYS` is never used
  --> src-tauri/src/logging/rolling.rs:85:11
   |
85 | pub const DEFAULT_RETENTION_DAYS: i64 = 14;
   |           ^^^^^^^^^^^^^^^^^^^^^^

warning: constant `DEFAULT_MAX_RECORD_BYTES` is never used
  --> src-tauri/src/logging/rolling.rs:94:11
   |
94 | pub const DEFAULT_MAX_RECORD_BYTES: u64 = 1024 * 1024;
   |           ^^^^^^^^^^^^^^^^^^^^^^^^

warning: associated constant `SHIPPED` is never used
   --> src-tauri/src/logging/rolling.rs:118:15
    |
115 | impl Limits {
    | ----------- associated constant in this implementation
...
118 |     pub const SHIPPED: Limits = Limits {
    |               ^^^^^^^

warning: field `directory` is never read
   --> src-tauri/src/logging/rolling.rs:196:5
    |
195 | pub struct Writer {
    |            ------ field in this struct
196 |     directory: PathBuf,
    |     ^^^^^^^^^

warning: methods `directory` and `open_path` are never used
   --> src-tauri/src/logging/rolling.rs:256:12
    |
202 | impl Writer {
    | ----------- methods in this implementation
...
256 |     pub fn directory(&self) -> &Path {
    |            ^^^^^^^^^
...
262 |     pub fn open_path(&self) -> Option<&Path> {
    |            ^^^^^^^^^

warning: struct `SecureStore` is never constructed
 --> src-tauri/src/secure_store/mod.rs:3:12
  |
3 | pub struct SecureStore;
  |            ^^^^^^^^^^^

warning: function `parse` is never used
   --> src-tauri/src/settings.rs:254:8
    |
254 | pub fn parse(text: &str) -> Result<UserSettings, SettingsError> {
    |        ^^^^^

warning: variant `Unsupported` is never constructed
  --> src-tauri/src/storage.rs:60:5
   |
53 | pub enum StorageError {
   |          ------------ variant in this enum
...
60 |     Unsupported { reason: String },
   |     ^^^^^^^^^^^
   |
   = note: `StorageError` has a derived impl for the trait `Debug`, but this is intentionally ignored during dead code analysis

warning: function `available_bytes` is never used
   --> src-tauri/src/storage.rs:134:8
    |
134 | pub fn available_bytes(path: &Path) -> Result<u64, StorageError> {
    |        ^^^^^^^^^^^^^^^

warning: struct `SystemBridge` is never constructed
 --> src-tauri/src/system/mod.rs:3:12
  |
3 | pub struct SystemBridge;
  |            ^^^^^^^^^^^^

warning: struct `Updater` is never constructed
 --> src-tauri/src/updater/mod.rs:3:12
  |
3 | pub struct Updater;
  |            ^^^^^^^

warning: `wt-media-desktop-shell` (bin "wt-media-desktop-shell") generated 12 warnings
    Finished `release` profile [optimized] target(s) in 34.59s
       Built application at: /Users/aqiuye/Develop/workspace/wt-media/wt-media-desktop/target/release/wt-media-desktop-shell
    Bundling WT Media.app (/Users/aqiuye/Develop/workspace/wt-media/wt-media-desktop/target/release/bundle/macos/WT Media.app)
     Signing with identity "-"
Signing with identity "-"
Signing /Users/aqiuye/Develop/workspace/wt-media/wt-media-desktop/target/release/bundle/macos/WT Media.app/Contents/MacOS/wt-media-agent
/Users/aqiuye/Develop/workspace/wt-media/wt-media-desktop/target/release/bundle/macos/WT Media.app/Contents/MacOS/wt-media-agent: replacing existing signature
Signing with identity "-"
Signing /Users/aqiuye/Develop/workspace/wt-media/wt-media-desktop/target/release/bundle/macos/WT Media.app/Contents/MacOS/wt-media-desktop-shell
/Users/aqiuye/Develop/workspace/wt-media/wt-media-desktop/target/release/bundle/macos/WT Media.app/Contents/MacOS/wt-media-desktop-shell: replacing existing signature
Signing with identity "-"
Signing /Users/aqiuye/Develop/workspace/wt-media/wt-media-desktop/target/release/bundle/macos/WT Media.app
/Users/aqiuye/Develop/workspace/wt-media/wt-media-desktop/target/release/bundle/macos/WT Media.app: replacing existing signature
        Warn skipping app notarization, no APPLE_ID & APPLE_PASSWORD & APPLE_TEAM_ID or APPLE_API_KEY & APPLE_API_ISSUER & APPLE_API_KEY_PATH environment variables found
    Finished 1 bundle at:
        /Users/aqiuye/Develop/workspace/wt-media/wt-media-desktop/target/release/bundle/macos/WT Media.app

desktop_version=0.1.0
agent_version=0.2.2
frontend_build_version=0.1.0+f21bbcb
contract_versions=business_enums=2026.07.14.3,business_schemas=2026.07.14.4,cloud_agent_api=2026.07.14.7,cloud_api=2026.09.06.1,cloud_error_codes=2026.07.14.5,local_agent_api=2026.09.06.1,local_error_codes=2026.07.14.6,local_event_schemas=2026.07.14.9,local_status_enums=2026.07.14.8,task_schemas=2026.07.15.1
components_resources_version=unavailable (pass --app: it is a digest of the artifact)
contracts=10
versions ok
config-dir=/Users/aqiuye/Develop/workspace/wt-media/wt-media-desktop/target/release/bundle/macos/WT Media.app/Contents/Resources/config files=2
config-file=README.md
config-file=agent.toml
desktop_version=0.1.0
agent_version=0.2.2
frontend_build_version=0.1.0+f21bbcb
contract_versions=business_enums=2026.07.14.3,business_schemas=2026.07.14.4,cloud_agent_api=2026.07.14.7,cloud_api=2026.09.06.1,cloud_error_codes=2026.07.14.5,local_agent_api=2026.09.06.1,local_error_codes=2026.07.14.6,local_event_schemas=2026.07.14.9,local_status_enums=2026.07.14.8,task_schemas=2026.07.15.1
components_resources_version=sha256:69f34a89c55f4ffa39e47ee6ac123c2e4f1cdb40e1a6bed14dca78acb38d6721
components_resources_files=4
contracts=10
record=/Users/aqiuye/Develop/workspace/wt-media/wt-media-desktop/target/release/bundle/macos/WT Media.app/Contents/Resources/versions.json
/Users/aqiuye/Develop/workspace/wt-media/wt-media-desktop/target/release/bundle/macos/WT Media.app: replacing existing signature
--prepared:/Users/aqiuye/Develop/workspace/wt-media/wt-media-desktop/target/release/bundle/macos/WT Media.app/Contents/MacOS/wt-media-agent
--validated:/Users/aqiuye/Develop/workspace/wt-media/wt-media-desktop/target/release/bundle/macos/WT Media.app/Contents/MacOS/wt-media-agent
/Users/aqiuye/Develop/workspace/wt-media/wt-media-desktop/target/release/bundle/macos/WT Media.app: valid on disk
/Users/aqiuye/Develop/workspace/wt-media/wt-media-desktop/target/release/bundle/macos/WT Media.app: satisfies its Designated Requirement
sidecar-manifest=/Users/aqiuye/Develop/workspace/wt-media/wt-media-desktop/target/release/bundle/macos/WT Media.app/Contents/Resources/sidecar-manifest.json
sidecar-sha256=2745848052fee7c7cab72fc4be9a47be891acfc76bf73708541abdb5798c1d32
--prepared:/private/tmp/wt-media-dmg.9tv0Bq/WT Media.app/Contents/MacOS/wt-media-agent
--validated:/private/tmp/wt-media-dmg.9tv0Bq/WT Media.app/Contents/MacOS/wt-media-agent
/private/tmp/wt-media-dmg.9tv0Bq/WT Media.app: valid on disk
/private/tmp/wt-media-dmg.9tv0Bq/WT Media.app: satisfies its Designated Requirement
Agent configuration in the DMG is a 2-file mirror of config_online/: /private/tmp/wt-media-dmg.9tv0Bq/WT Media.app/Contents/Resources/config
desktop_version=0.1.0
agent_version=0.2.2
frontend_build_version=0.1.0+f21bbcb
contract_versions=business_enums=2026.07.14.3,business_schemas=2026.07.14.4,cloud_agent_api=2026.07.14.7,cloud_api=2026.09.06.1,cloud_error_codes=2026.07.14.5,local_agent_api=2026.09.06.1,local_error_codes=2026.07.14.6,local_event_schemas=2026.07.14.9,local_status_enums=2026.07.14.8,task_schemas=2026.07.15.1
components_resources_version=sha256:69f34a89c55f4ffa39e47ee6ac123c2e4f1cdb40e1a6bed14dca78acb38d6721
components_resources_files=4
contracts=10
versions verified: /private/tmp/wt-media-dmg.9tv0Bq/WT Media.app
macOS DMG contains a complete ad-hoc-signed app: /Users/aqiuye/Develop/workspace/wt-media/wt-media-desktop/target/release/bundle/dmg/WT Media_0.1.0_aarch64.dmg
