=== T-02 收尾门禁读数 @ 2026-09-25T14:39:27Z（在最后一次改动之后）===
verify_m0_config: exit=0
    Workspace config verification ok
verify_delivery_governance: exit=0
    Delivery governance verification ok. Active CHG: CHG-20260925-065
verify_agent_entry: exit=0
    execution snapshot: 2014 characters (~806 tokens, budget 8000 characters)
    Agent entry verification ok. 0 warning(s) need review.
verify_skills: exit=0
    verified 10 skill source files
verify_product_master_alignment: exit=0
    Product and Master Plan alignment verification ok
verify_m2_acceptance: exit=0
    M2 static cross-repository acceptance matrix ok
    NOTE: real MySQL and BitBrowser evidence must be recorded separately
--- unittest ---
Ran 79 tests in 0.285s

OK
--- sync_skills ---
skill outputs are up to date
sync_skills: exit=0
