# F-07 实验（重跑，基点为激活后的全绿树）
# date: 2026-09-25 23:40:33 CST
# 实验臂: completed/ 移走；对照臂: 已在 t01-gate-after.out（移走前，全绿）
# 移走前文件数: 698

# moved; delivery/completed exists: no

=== verify_delivery_governance exit=0 ===
Delivery governance verification ok. Active CHG: CHG-20260925-066
=== verify_product_master_alignment exit=0 ===
Product and Master Plan alignment verification ok
=== verify_agent_entry exit=0 ===
execution snapshot: 1930 characters (~772 tokens, budget 8000 characters)
rule-text duplication: compared 97 rule sentence(s) across 11 file(s) in 4 repositories
Agent entry verification ok. 0 warning(s) need review.
=== verify_m0_config exit=0 ===
Workspace config verification ok
=== verify_skills exit=0 ===
verified 10 skill source files
=== verify_m2_acceptance exit=0 ===
M2 static cross-repository acceptance matrix ok
NOTE: real MySQL and BitBrowser evidence must be recorded separately
Ran 94 tests in 0.499s

OK
skill outputs are up to date

# restored; 文件数: 698
