=== T-03 收尾门禁读数（在最后一次内容改动之后）===
date: 2026-09-25 23:59:13 CST
=== verify_m0_config exit=0 ===
Workspace config verification ok
=== verify_delivery_governance exit=0 ===
Delivery governance verification ok. Active CHG: CHG-20260925-066
=== verify_agent_entry exit=0 ===
execution snapshot: 1930 characters (~772 tokens, budget 8000 characters)
rule-text duplication: compared 98 rule sentence(s) across 11 file(s) in 4 repositories
Agent entry verification ok. 0 warning(s) need review.
=== verify_skills exit=0 ===
verified 10 skill source files
=== verify_product_master_alignment exit=0 ===
Product and Master Plan alignment verification ok
=== verify_m2_acceptance exit=0 ===
M2 static cross-repository acceptance matrix ok
NOTE: real MySQL and BitBrowser evidence must be recorded separately
=== unittest ===
Ran 94 tests in 0.515s

OK
=== sync_skills ===
exit=0
skill outputs are up to date
