# AC-09 四仓对账（原始输出）
# date: 2026-09-26 00:16:13 CST
# 生成命令：python3 -B -X pycache_prefix=/tmp/pyc-none /tmp/t06_reconcile.py
# 注：第一版脚本把「越界」定义成「路径不以 delivery/ 或 .ai/ 开头」，
#     把五类在 §5 范围内的路径报成越界；改为逐条比对 §5 声明的清单后为 0。
#     见 change.md §14 第 21 项。下面这次是**修正后**的运行。

========================================================================
AC-09 四仓对账（锚：T-01 基线 artifacts/t01-repo-baseline.out）
基线提交：workspace 5c1d98c
          cloud 0db02ab
          agent 6d740fc
          desktop 7c1b0ad

--- wt-media-workspace（唯一在范围内的仓）---
HEAD: e730956 docs(chg-066): T-05 复检后实删 2 files／54,810 B——T-02 的「1.3%」是三形态里只认一种量出来的
本 CHG 的提交 5 个：
   e730956 docs(chg-066): T-05 复检后实删 2 files／54,810 B——T-02 的「1.3%」是三形态里只认一种量出来的
   f07142d feat(chg-066): T-04 归档边界两条 ERROR 门禁落地——判据层 11/0，四条变异全红
   7a0d884 docs(chg-066): T-03 归档唯一写入者的读写两侧一并移出
   05c2045 docs(chg-066): T-02 归档边界成文；可删量实测仅 1.3%
   7e3c8c4 docs(chg-066): T-01 激活——归档边界冻结与纯过程产物清理
改动路径 36 条，逐条归属：
   [范围内] .ai/CURRENT_CONTEXT.md
   [范围内] AGENT-INDEX.md
   [范围内] README.md
   [范围内] delivery/LEDGER.md
   [范围内] delivery/MASTER_IMPLEMENTATION_PLAN.md
   [范围内] delivery/active/CHG-20260925-066/change.md
   [范围内] delivery/active/CHG-20260925-066/checkpoint.md
   [范围内] delivery/active/CHG-20260925-066/evidence/artifacts/t01-f07-completed-moved.out
   [范围内] delivery/active/CHG-20260925-066/evidence/artifacts/t01-gate-after.out
   [范围内] delivery/active/CHG-20260925-066/evidence/artifacts/t01-gate-before.out
   [范围内] delivery/active/CHG-20260925-066/evidence/artifacts/t01-record-size.out
   [范围内] delivery/active/CHG-20260925-066/evidence/artifacts/t01-repo-baseline.out
   [范围内] delivery/active/CHG-20260925-066/evidence/artifacts/t01-status-words.out
   [范围内] delivery/active/CHG-20260925-066/evidence/artifacts/t02-deletable-measure.out
   [范围内] delivery/active/CHG-20260925-066/evidence/artifacts/t02-gate-readings.out
   [范围内] delivery/active/CHG-20260925-066/evidence/artifacts/t03-gate-readings.out
   [范围内] delivery/active/CHG-20260925-066/evidence/artifacts/t03-record-size.out
   [范围内] delivery/active/CHG-20260925-066/evidence/artifacts/t03-write-surface.out
   [范围内] delivery/active/CHG-20260925-066/evidence/artifacts/t04-gate-mutation.out
   [范围内] delivery/active/CHG-20260925-066/evidence/artifacts/t04-gate-readings.out
   [范围内] delivery/active/CHG-20260925-066/evidence/artifacts/t04-readonly-oracle.out
   [范围内] delivery/active/CHG-20260925-066/evidence/artifacts/t04-record-size.out
   [范围内] delivery/active/CHG-20260925-066/evidence/artifacts/t05-deletion-list.out
   [范围内] delivery/active/CHG-20260925-066/evidence/artifacts/t05-gate-readings.out
   [范围内] delivery/active/CHG-20260925-066/evidence/artifacts/t05-record-size.out
   [范围内] delivery/active/CHG-20260925-066/evidence/artifacts/t05-reference-forms.out
   [范围内] delivery/active/CHG-20260925-066/evidence/task-01-baseline.md
   [范围内] delivery/active/CHG-20260925-066/evidence/task-02-archive-inventory.md
   [范围内] delivery/active/CHG-20260925-066/evidence/task-03-writer-moved.md
   [范围内] delivery/active/CHG-20260925-066/evidence/task-04-gate-mutation.md
   [范围内] delivery/active/CHG-20260925-066/evidence/task-05-deletion-list.md
   [范围内] delivery/completed/README.md
   [范围内] scripts/verify_delivery_governance.py
   [范围内] scripts/verify_m3_acceptance.py
   [范围内] tests/test_prepare_ai_workspace.py
   [范围内] tests/test_verify_delivery_governance.py
越界 0 条
运行时代码／配置改动 0 条 

--- 三仓（本 CHG 范围内零改动）---
wt-media-cloud
   HEAD 0db02ab ＝基线（基线 0db02ab）
   工作树：?? dump.rdb
wt-media-agent
   HEAD 6d740fc ＝基线（基线 6d740fc）
   工作树：（空）
wt-media-desktop
   HEAD 7c1b0ad ＝基线（基线 7c1b0ad）
   工作树：（空）

========================================================================
结论：workspace 越界 0 条、运行时代码改动 0 条；三仓 HEAD 与基线不同 0 个
