Fri Sep 25 19:36:11 CST 2026
=== verify_delivery_governance ===
Delivery governance verification ok. Active CHG: CHG-20260925-064
exit=0
=== verify_agent_entry ===
execution snapshot: 1916 characters (~766 tokens, budget 8000 characters)
Agent entry verification ok. 0 warning(s) need review.
exit=0
=== verify_skills ===
verified 10 skill source files
exit=0
=== verify_m0_config ===
Workspace config verification ok
exit=0
=== verify_product_master_alignment ===
Product and Master Plan alignment verification ok
exit=0
=== verify_m2_acceptance ===
M2 static cross-repository acceptance matrix ok
NOTE: real MySQL and BitBrowser evidence must be recorded separately
exit=0
=== unittest ===
----------------------------------------------------------------------
Ran 75 tests in 0.288s

OK
exit=0
=== snapshot bytes ===
    1958 .ai/CURRENT_CONTEXT.md
